[PASSED] 2023__putusan_103_pid.b_2023_pn_kbm_20260611060932.pdf chars=65010 CER=2.434% WER=5.263% token_F1=96.047%
[REVIEW] 2023__putusan_103_pid.b_2023_pn_lht_20260611053308.pdf chars=78762 CER=2.580% WER=3.215% token_F1=97.548%
[PASSED] 2023__putusan_1039_pid.b_2023_pn_plg_20260611075230.pdf chars=97458 CER=2.196% WER=2.858% token_F1=97.816%
[PASSED] 2023__putusan_1087_pid.b_2022_pn_dps_20260611062814.pdf chars=54545 CER=2.542% WER=5.075% token_F1=96.178%
[REVIEW] 2023__putusan_1109_pid.b_2022_pn_pbr_20260611063554.pdf chars=38688 CER=2.498% WER=3.773% token_F1=97.133%
[PASSED] 2023__putusan_1090_pid.b_2023_pn_jkt.utr_20260611073730.pdf chars=67679 CER=2.354% WER=3.140% token_F1=97.605%
[REVIEW] 2023__putusan_110_pid.b_2023_pn_bls_20260611064542.pdf chars=63299 CER=2.252% WER=3.032% token_F1=97.684%
[REVIEW] 2023__putusan_104_pid.b_2023_pn_cbn_20260611064115.pdf chars=169734 CER=2.567% WER=8.985% token_F1=93.352%
[REVIEW] 2023__putusan_110_pid.b_2023_pn_unr_20260611054259.pdf chars=110175 CER=2.433% WER=3.556% token_F1=97.295%
[REVIEW] 2023__putusan_110_pid.b_2023_pn_wno_20260611060704.pdf chars=107916 CER=2.209% WER=3.080% token_F1=97.657%
[PASSED] 2023__putusan_105_pid.b_2023_pn_cbn_20260611064051.pdf chars=195114 CER=2.569% WER=8.778% token_F1=93.501%
[PASSED] 2023__putusan_1119_pid.b_2022_pn_pbr_20260611063542.pdf chars=121178 CER=2.810% WER=10.467% token_F1=92.390%
[REVIEW] 2023__putusan_111_pid.b_2023_pn_smp_20260611074852.pdf chars=57541 CER=2.377% WER=4.474% token_F1=96.623%
[REVIEW] 2023__putusan_111_pid.b_2023_pn_pwk_20260611061216.pdf chars=103681 CER=2.267% WER=2.956% token_F1=97.741%
[PASSED] 2023__putusan_1166_pid.b_2023_pn_sby_20260611073610.pdf chars=36033 CER=2.192% WER=2.997% token_F1=97.711%
[REVIEW] 2023__putusan_113_pid.b_2023_pn_sak_20260611055630.pdf chars=50189 CER=2.587% WER=6.690% token_F1=95.048%
[REVIEW] 2023__putusan_116_pid.b_2023_pn_agm_20260611072214.pdf chars=69897 CER=2.216% WER=3.676% token_F1=97.212%
[REVIEW] 2023__putusan_117_pid.b_2023_pn_pmk_20260611060607.pdf chars=68138 CER=2.985% WER=7.061% token_F1=94.725%
[PASSED] 2023__putusan_112_pid.b_2023_pn_pwk_20260611061144.pdf chars=110706 CER=2.255% WER=2.967% token_F1=97.734%
[PASSED] 2023__putusan_118_pid.b_2023_pn_nga_20260611052955.pdf chars=66301 CER=2.295% WER=3.066% token_F1=97.658%
[PASSED] 2023__putusan_124_pid.b_2023_pn_bdw_20260611054030.pdf chars=44817 CER=2.228% WER=3.039% token_F1=97.678%
[REVIEW] 2023__putusan_1245_pid.b_2023_pn_mdn_20260611074527.pdf chars=80087 CER=2.160% WER=3.088% token_F1=97.644%
[REVIEW] 2023__putusan_128_pid.b_2023_pn_agm_20260611072202.pdf chars=72968 CER=2.177% WER=2.938% token_F1=97.755%
[REVIEW] 2023__putusan_131_pid.b_2022_pn_pwr_20260611060951.pdf chars=84328 CER=2.341% WER=4.387% token_F1=96.725%
[REVIEW] 2023__putusan_1327_pid.b_2023_pn_lbp_20260611062406.pdf chars=62776 CER=2.308% WER=3.331% token_F1=97.462%
[PASSED] 2023__putusan_134_pid.b_2023_pn_bjn_20260611064946.pdf chars=71853 CER=2.399% WER=4.809% token_F1=96.380%
[PASSED] 2023__putusan_1237_pid.b_2023_pn_pbr_20260610234823.pdf chars=172686 CER=2.430% WER=7.791% token_F1=94.215%
[REVIEW] 2023__putusan_134_pid.b_2023_pn_mgl_20260611055413.pdf chars=80837 CER=2.236% WER=2.943% token_F1=97.752%
[REVIEW] 2023__putusan_138_pid.b_2023_pn_bjn_20260611064937.pdf chars=64653 CER=2.463% WER=3.293% token_F1=97.486%
[REVIEW] 2023__putusan_137_pid.b_2023_pn_pml_20260611054409.pdf chars=85150 CER=2.364% WER=3.241% token_F1=97.527%
[PASSED] 2023__putusan_1379_pid.b_2023_pn_mdn_20260611074438.pdf chars=101947 CER=2.194% WER=3.032% token_F1=97.687%
[PASSED] 2023__putusan_141_pid.b_2023_pn_gdt_20260611052113.pdf chars=69206 CER=2.196% WER=3.164% token_F1=97.589%
[PASSED] 2023__putusan_142_pid.b_2022_pn_kba_20260611055105.pdf chars=58367 CER=2.528% WER=5.781% token_F1=95.705%
[PASSED] 2023__putusan_13_pid.b_2023_pn_grt_20260611054700.pdf chars=109141 CER=2.102% WER=2.882% token_F1=97.799%
[PASSED] 2023__putusan_144_pid.b_2023_pn_agm_20260611072300.pdf chars=42503 CER=2.193% WER=3.052% token_F1=97.669%
[REVIEW] 2023__putusan_143_pid.b_2023_pn_kln_20260611054145.pdf chars=62207 CER=3.708% WER=4.577% token_F1=96.934%
[REVIEW] 2023__putusan_118_pid.b_2023_pn_btl_20260611060110.pdf chars=261321 CER=2.442% WER=4.783% token_F1=96.430%
[REVIEW] 2023__putusan_147_pid.b_2023_pn_bkl_20260611063634.pdf chars=86920 CER=2.236% WER=3.000% token_F1=97.709%
[REVIEW] 2023__putusan_149_pid.b_2023_pn_wat_20260611065218.pdf chars=80976 CER=2.336% WER=3.523% token_F1=97.320%
[PASSED] 2023__putusan_149_pid.b_2023_pn_sbr_20260611062037.pdf chars=85714 CER=2.268% WER=3.201% token_F1=97.558%
[REVIEW] 2023__putusan_145_pid.b_2023_pn_sby_20260611073627.pdf chars=103370 CER=2.319% WER=3.401% token_F1=97.411%
[PASSED] 2023__putusan_150_pid.b_2023_pn_bbu_20260611052445.pdf chars=41200 CER=2.290% WER=3.216% token_F1=97.547%
[REVIEW] 2023__putusan_1510_pid.b_2023_pn_mdn_20260611074332.pdf chars=51566 CER=2.264% WER=3.129% token_F1=97.613%
[REVIEW] 2023__putusan_152_pid.b_2023_pn_gsk_20260611054048.pdf chars=45798 CER=2.414% WER=4.028% token_F1=96.946%
[PASSED] 2023__putusan_1538_pid.b_2022_pn_plg_20260611075157.pdf chars=52424 CER=2.347% WER=3.233% token_F1=97.532%
[PASSED] 2023__putusan_150_pid.b_2023_pn_wat_20260611065257.pdf chars=80143 CER=2.286% WER=3.646% token_F1=97.231%
[PASSED] 2023__putusan_15_pid.b_2023_pn_kwg_20260611054633.pdf chars=50764 CER=2.473% WER=3.751% token_F1=97.154%
[REVIEW] 2023__putusan_15_pid.b_2023_pn_bli_20260611065956.pdf chars=70432 CER=2.359% WER=4.321% token_F1=96.766%
[PASSED] 2023__putusan_156_pid.b_2023_pn_yyk_20260611060757.pdf chars=74567 CER=2.268% WER=5.236% token_F1=96.068%
[REVIEW] 2023__putusan_15_pid.b_2023_pn_mgt_20260611071850.pdf chars=87496 CER=2.232% WER=3.104% token_F1=97.642%
[REVIEW] 2023__putusan_1610_pid.b_2022_pn_plg_20260611075037.pdf chars=74010 CER=2.211% WER=2.922% token_F1=97.767%
[PASSED] 2023__putusan_167_pid.b_2023_pn_agm_20260611072226.pdf chars=53074 CER=2.157% WER=2.935% token_F1=97.758%
[PASSED] 2023__putusan_1634_pid.b_2022_pn_plg_20260611074940.pdf chars=77842 CER=2.236% WER=3.024% token_F1=97.690%
[REVIEW] 2023__putusan_167_pid.b_2023_pn_sda_20260611074200.pdf chars=39646 CER=2.493% WER=4.823% token_F1=96.364%
[REVIEW] 2023__putusan_161_pid.b_2023_pn_kla_20260611055750.pdf chars=127277 CER=2.201% WER=3.148% token_F1=97.597%
[PASSED] 2023__putusan_1635_pid.b_2022_pn_plg_20260611075215.pdf chars=76931 CER=2.263% WER=3.065% token_F1=97.659%
[REVIEW] 2023__putusan_168_pid.b_2023_pn_smg_20260611065333.pdf chars=50678 CER=2.281% WER=3.140% token_F1=97.603%
[PASSED] 2023__putusan_172_pid.b_2023_pn_gpr_20260611061908.pdf chars=54846 CER=2.272% WER=3.134% token_F1=97.609%
[REVIEW] 2023__putusan_173_pid.b_2023_pn_sgl_20260611062936.pdf chars=72838 CER=2.177% WER=2.887% token_F1=97.794%
[REVIEW] 2023__putusan_174_pid.b_2023_pn_jmr_20260611064700.pdf chars=56564 CER=2.374% WER=3.401% token_F1=97.411%
[REVIEW] 2023__putusan_171_pid.b_2023_pn_mlg_20260611043927.pdf chars=108602 CER=2.198% WER=3.201% token_F1=97.561%
[PASSED] 2023__putusan_177_pid.b_2023_pn_krs_20260611063810.pdf chars=56212 CER=2.312% WER=3.231% token_F1=97.533%
[PASSED] 2023__putusan_182_pid.b_2023_pn_sky_20260611053247.pdf chars=56753 CER=2.278% WER=3.071% token_F1=97.655%
[PASSED] 2023__putusan_192_pid.b_2023_pn_bgl_20260611062717.pdf chars=57146 CER=2.277% WER=3.137% token_F1=97.606%
[PASSED] 2023__putusan_189_pid.b_2022_pn_agm_20260611072107.pdf chars=75644 CER=2.098% WER=2.895% token_F1=97.789%
[PASSED] 2023__putusan_200_pid.b_2023_pn_llg_20260611063144.pdf chars=56585 CER=2.281% WER=3.197% token_F1=97.560%
[REVIEW] 2023__putusan_199_pid.b_2023_pn_agm_20260611072238.pdf chars=120400 CER=2.156% WER=2.875% token_F1=97.803%
[REVIEW] 2023__putusan_172_pdt.g_2022_pn_mlg_20260611044003.pdf chars=217871 CER=2.223% WER=2.952% token_F1=97.746%
[REVIEW] 2023__putusan_176_pid.b_2022_pn_cms_20260611061338.pdf chars=196790 CER=2.614% WER=5.037% token_F1=96.260%
[PASSED] 2023__putusan_201_pid.b_2023_pn_ckr_20260611061509.pdf chars=121338 CER=2.146% WER=3.020% token_F1=97.697%
[PASSED] 2023__putusan_202_pid.b_2023_pn_pbm_20260611055215.pdf chars=73989 CER=2.276% WER=3.466% token_F1=97.365%
[REVIEW] 2023__putusan_205_pid.sus_2023_pn_mlg_20260604044351.pdf chars=56529 CER=2.461% WER=3.431% token_F1=97.384%
[PASSED] 2023__putusan_203_pid.b_2023_pn_pbm_20260611055148.pdf chars=76270 CER=2.282% WER=3.379% token_F1=97.428%
[REVIEW] 2023__putusan_206_pid.b_2023_pn_mdn_20260611074503.pdf chars=78017 CER=2.300% WER=3.076% token_F1=97.652%
[PASSED] 2023__putusan_208_pid.b_2023_pn_tlg_20260611060627.pdf chars=83718 CER=2.262% WER=3.645% token_F1=97.235%
[REVIEW] 2023__putusan_212_pid.b_2023_pn_mlg_20260611043802.pdf chars=105365 CER=2.184% WER=2.839% token_F1=97.830%
[REVIEW] 2023__putusan_213_pid.b_2023_pn_smp_20260611074823.pdf chars=32811 CER=2.382% WER=3.243% token_F1=97.524%
[PASSED] 2023__putusan_209_pid.b_2023_pn_cms_20260611061314.pdf chars=129184 CER=2.359% WER=5.470% token_F1=95.895%
[PASSED] 2023__putusan_213_pid.b_2023_pn_bta_20260611063311.pdf chars=95821 CER=2.175% WER=2.941% token_F1=97.753%
[PASSED] 2023__putusan_218_pid.b_2023_pn_kla_20260611055818.pdf chars=50052 CER=2.324% WER=3.430% token_F1=97.386%
[REVIEW] 2023__putusan_213_pid.b_2023_pn_mlg_20260611043745.pdf chars=115059 CER=2.257% WER=2.994% token_F1=97.714%
[PASSED] 2023__putusan_232_pid.b_2023_pn_yyk_20260611060745.pdf chars=70541 CER=2.246% WER=3.104% token_F1=97.630%
[REVIEW] 2023__putusan_2198_pid.b_2023_pn_mdn_20260611003107.pdf chars=80337 CER=2.172% WER=3.127% token_F1=97.618%
[REVIEW] 2023__putusan_237_pid.b_2023_pn_skt_20260611070215.pdf chars=44407 CER=2.564% WER=3.757% token_F1=97.145%
[PASSED] 2023__putusan_234_pid.b_2023_pn_smn_20260611065026.pdf chars=73527 CER=2.139% WER=2.886% token_F1=97.797%
[REVIEW] 2023__putusan_249_pid.b_2023_pn_cbd_20260611055946.pdf chars=50052 CER=2.477% WER=3.574% token_F1=97.278%
[REVIEW] 2023__putusan_24_pid.b_2023_pn_trt_20260611053646.pdf chars=70242 CER=2.523% WER=4.909% token_F1=96.314%
[PASSED] 2023__putusan_255_pid.b_2023_pn_sby_20260611073523.pdf chars=64497 CER=2.240% WER=3.029% token_F1=97.687%
[REVIEW] 2023__putusan_257_pid.b_2023_pn_dmk_20260611000125.pdf chars=56000 CER=2.517% WER=7.640% token_F1=94.320%
[REVIEW] 2023__putusan_250_pid.b_2023_pn_mgl_20260611055404.pdf chars=122187 CER=2.181% WER=2.948% token_F1=97.749%
[PASSED] 2023__putusan_264_pid.b_2023_pn_plg_20260611075026.pdf chars=73760 CER=2.558% WER=8.678% token_F1=93.574%
[PASSED] 2023__putusan_239_pid.b_2023_pn_sim_20260611062506.pdf chars=163355 CER=2.215% WER=3.875% token_F1=97.065%
[PASSED] 2023__putusan_267_pid.b_2022_pn_smp_20260611074758.pdf chars=90550 CER=2.141% WER=2.924% token_F1=97.767%
[REVIEW] 2023__putusan_268_pid.b_2023_pn_krs_20260611063820.pdf chars=73461 CER=2.236% WER=3.104% token_F1=97.630%
[REVIEW] 2023__putusan_269_pid.b_2022_pn_smp_20260611074645.pdf chars=53738 CER=2.327% WER=3.201% token_F1=97.557%
[PASSED] 2023__putusan_272_pid.b_2023_pn_cbi_20260611055547.pdf chars=46256 CER=2.357% WER=3.309% token_F1=97.478%
[REVIEW] 2023__putusan_277_pid.b_2023_pn_sim_20260611062524.pdf chars=56389 CER=2.339% WER=3.362% token_F1=97.437%
[PASSED] 2023__putusan_280_pid.b_2022_pn_pdl_20260611061245.pdf chars=60486 CER=2.360% WER=3.873% token_F1=97.065%
[PASSED] 2023__putusan_283_pid.b_2023_pn_bgl_20260611062658.pdf chars=55343 CER=2.360% WER=3.355% token_F1=97.443%
[REVIEW] 2023__putusan_287_pid.b_2023_pn_bta_20260611063252.pdf chars=44524 CER=2.410% WER=3.229% token_F1=97.535%
[REVIEW] 2023__putusan_25_pid.b_2023_pn_tbt_20260611053704.pdf chars=195147 CER=2.270% WER=3.093% token_F1=97.641%
[PASSED] 2023__putusan_295_pid.b_2023_pn_sgl_20260611062926.pdf chars=60213 CER=2.178% WER=3.116% token_F1=97.625%
[PASSED] 2023__putusan_295_pid.b_2023_pn_gpr_20260611061919.pdf chars=87769 CER=2.439% WER=7.652% token_F1=94.312%
[PASSED] 2023__putusan_297_pid.b_2023_pn_btm_20260611064239.pdf chars=71421 CER=2.441% WER=6.430% token_F1=95.196%
[PASSED] 2023__putusan_299_pid.sus_2023_pn_mlg_20260604050059.pdf chars=108602 CER=2.251% WER=3.141% token_F1=97.605%
[PASSED] 2023__putusan_2_pid.b_2023_pn_ngw_20260611063721.pdf chars=93454 CER=2.345% WER=3.188% token_F1=97.578%
[PASSED] 2023__putusan_308_pid.b_2023_pn_mdn_20260611074302.pdf chars=38580 CER=2.477% WER=3.762% token_F1=97.141%
[REVIEW] 2023__putusan_301_pid.b_2023_pn_mlg_20260611043837.pdf chars=77005 CER=2.155% WER=3.056% token_F1=97.668%
[PASSED] 2023__putusan_311_pid.b_2022_pn_cjr_20260611061125.pdf chars=61250 CER=2.626% WER=5.601% token_F1=95.837%
[PASSED] 2023__putusan_312_pid.b_2023_pn_bls_20260611064517.pdf chars=57080 CER=2.315% WER=3.229% token_F1=97.539%
[REVIEW] 2023__putusan_314_pid.b_2023_pn_tbh_20260611001921.pdf chars=90595 CER=2.266% WER=2.943% token_F1=97.752%
[REVIEW] 2023__putusan_341_pid.b_2023_pn_gpr_20260611061933.pdf chars=100004 CER=2.172% WER=2.919% token_F1=97.771%
[PASSED] 2023__putusan_343_pid.b_2023_pn_llg_20260610202241.pdf chars=99182 CER=2.213% WER=3.246% token_F1=97.530%
[REVIEW] 2023__putusan_348_pid.b_2023_pn_btm_20260611064304.pdf chars=85865 CER=2.495% WER=7.215% token_F1=94.628%
[REVIEW] 2023__putusan_288_pid.b_2023_pn_psp_20260611001023.pdf chars=280399 CER=2.350% WER=7.303% token_F1=94.568%
[REVIEW] 2023__putusan_34_pid.b_2023_pn_bla_20260611054238.pdf chars=69157 CER=2.279% WER=3.205% token_F1=97.555%
[PASSED] 2023__putusan_34_pid.b_2023_pn_srp_20260611052933.pdf chars=65132 CER=2.147% WER=2.966% token_F1=97.736%
[PASSED] 2023__putusan_359_pid.b_2022_pn_tsm_20260611070843.pdf chars=59569 CER=2.803% WER=10.125% token_F1=92.616%
[REVIEW] 2023__putusan_34_pid.b_2023_pn_skh_20260611060849.pdf chars=106283 CER=2.254% WER=3.210% token_F1=97.561%
[PASSED] 2023__putusan_377_pid.b_2023_pn_mdn_20260611074314.pdf chars=57288 CER=2.255% WER=3.135% token_F1=97.608%
[REVIEW] 2023__putusan_377_pid.b_2023_pn_smn_20260611065037.pdf chars=56673 CER=2.429% WER=3.649% token_F1=97.263%
[REVIEW] 2023__putusan_379_pid.b_2023_pn_btm_20260611064327.pdf chars=53596 CER=2.413% WER=3.310% token_F1=97.476%
[PASSED] 2023__putusan_380_pid.b_2023_pn_btm_20260611064228.pdf chars=49533 CER=2.308% WER=3.148% token_F1=97.597%
[PASSED] 2023__putusan_387_pid.b_2023_pn_sby_20260611073500.pdf chars=47219 CER=2.293% WER=3.207% token_F1=97.553%
[PASSED] 2023__putusan_38_pid.b_2023_pn_dpk_20260611052557.pdf chars=46672 CER=2.605% WER=5.737% token_F1=95.728%
[REVIEW] 2023__putusan_400_pid.b_2023_pn_bil_20260611063903.pdf chars=40623 CER=2.482% WER=3.495% token_F1=97.336%
[REVIEW] 2023__putusan_401_pid.b_2023_pn_bil_20260611063922.pdf chars=40432 CER=2.484% WER=3.496% token_F1=97.335%
[PASSED] 2023__putusan_391_pid.b_2023_pn_rhl_20260611065848.pdf chars=76541 CER=2.204% WER=3.087% token_F1=97.645%
[REVIEW] 2023__putusan_40_pid.b_2023_pn_slt_20260611054341.pdf chars=62034 CER=2.538% WER=4.500% token_F1=96.601%
[PASSED] 2023__putusan_40_pid.b_2023_pn_tlk_20260611055310.pdf chars=74716 CER=2.240% WER=3.143% token_F1=97.602%
[PASSED] 2023__putusan_43_pid.b_2023_pn_idm_20260611054524.pdf chars=56879 CER=2.438% WER=4.467% token_F1=96.628%
[PASSED] 2023__putusan_412_pid.b_2023_pn_jkt.brt_20260611071043.pdf chars=111174 CER=2.179% WER=2.985% token_F1=97.722%
[PASSED] 2023__putusan_469_pid.sus_2023_pn_jkt.utr_20260611073804.pdf chars=54555 CER=2.232% WER=3.025% token_F1=97.689%
[REVIEW] 2023__putusan_463_pid.b_2023_pn_kag_20260611060511.pdf chars=84760 CER=2.230% WER=3.122% token_F1=97.618%
[PASSED] 2023__putusan_478_pid.b_2023_pn_tjk_20260611071538.pdf chars=59534 CER=2.374% WER=3.928% token_F1=97.025%
[PASSED] 2023__putusan_479_pid.b_2023_pn_tjk_20260611071643.pdf chars=63663 CER=2.364% WER=4.278% token_F1=96.768%
[PASSED] 2023__putusan_495_pid.b_2023_pn_jmr_20260611064710.pdf chars=46728 CER=2.320% WER=3.068% token_F1=97.656%
[PASSED] 2023__putusan_49_pid.b_2023_pn_mre_20260611063035.pdf chars=53524 CER=2.482% WER=3.450% token_F1=97.375%
[REVIEW] 2023__putusan_49_pid.b_2023_pn_tlk_20260611055257.pdf chars=39790 CER=2.404% WER=3.636% token_F1=97.236%
[PASSED] 2023__putusan_46_pid.b_2023_pn_tgl_20260611061030.pdf chars=136709 CER=2.132% WER=3.057% token_F1=97.687%
[REVIEW] 2023__putusan_4_pid.b_2023_pn_bli_20260611065930.pdf chars=80228 CER=2.541% WER=7.670% token_F1=94.294%
[PASSED] 2023__putusan_50_pid.b_2023_pn_mre_20260611063053.pdf chars=53628 CER=2.614% WER=5.202% token_F1=96.103%
[PASSED] 2023__putusan_518_pid.b_2023_pn_llg_20260611063158.pdf chars=56590 CER=2.656% WER=10.369% token_F1=92.361%
[PASSED] 2023__putusan_4_pid.b_2023_pn_pdp_20260611060043.pdf chars=122021 CER=2.616% WER=8.634% token_F1=93.635%
[PASSED] 2023__putusan_51_pid.b_2023_pn_btl_20260611060135.pdf chars=72306 CER=2.334% WER=4.172% token_F1=96.849%
[PASSED] 2023__putusan_525_pid.b_2023_pn_sda_20260611074134.pdf chars=30541 CER=2.338% WER=3.172% token_F1=97.578%
[REVIEW] 2023__putusan_52_pid.b_2023_pn_rhl_20260611065836.pdf chars=82185 CER=2.350% WER=3.206% token_F1=97.552%
[REVIEW] 2023__putusan_51_pid.b_2023_pn_skb_20260610202326.pdf chars=124317 CER=2.192% WER=2.926% token_F1=97.765%
[PASSED] 2023__putusan_536_pid.b_2023_pn_mre_20260611063043.pdf chars=56792 CER=2.188% WER=3.275% token_F1=97.520%
[PASSED] 2023__putusan_538_pid.b_2022_pn_bil_20260611063911.pdf chars=45409 CER=2.453% WER=3.482% token_F1=97.348%
[PASSED] 2023__putusan_52_pid.b_2023_pn_skb_20260611065604.pdf chars=132975 CER=2.156% WER=2.855% token_F1=97.818%
[REVIEW] 2023__putusan_541_pid.b_2022_pn_mlg_20260611070106.pdf chars=42124 CER=2.397% WER=3.236% token_F1=97.530%
[REVIEW] 2023__putusan_538_pid.b_2023_pn_tjk_20260611071450.pdf chars=72622 CER=2.378% WER=3.668% token_F1=97.215%
[REVIEW] 2023__putusan_56_pid.b_2023_pn_bls_20260611064531.pdf chars=75173 CER=2.309% WER=3.172% token_F1=97.579%
[PASSED] 2023__putusan_58_pid.b_2023_pn_mkm_20260610202934.pdf chars=83315 CER=2.171% WER=2.967% token_F1=97.737%
[PASSED] 2023__putusan_57_pid.b_2023_pn_tjk_20260611071633.pdf chars=104417 CER=2.460% WER=5.082% token_F1=96.184%
[REVIEW] 2023__putusan_58_pid.b_2023_pn_sng_20260611054549.pdf chars=70510 CER=2.443% WER=4.869% token_F1=96.335%
[REVIEW] 2023__putusan_595_pid.b_2022_pn_srh_20260611052907.pdf chars=71289 CER=2.331% WER=3.203% token_F1=97.555%
[REVIEW] 2023__putusan_59_pid.b_2023_pn_tsm_20260611070926.pdf chars=47392 CER=2.670% WER=5.092% token_F1=96.211%
[PASSED] 2023__putusan_598_pid.b_2022_pn_jmb_20260611060536.pdf chars=97585 CER=2.641% WER=5.713% token_F1=95.712%
[PASSED] 2023__putusan_603_pid.b_2023_pn_srg_20260611070257.pdf chars=61739 CER=2.283% WER=4.202% token_F1=96.825%
[REVIEW] 2023__putusan_60_pid.b_2023_pn_cbn_20260611064102.pdf chars=59287 CER=2.322% WER=3.561% token_F1=97.293%
[REVIEW] 2023__putusan_60_pid.b_2023_pn_tsm_20260611070610.pdf chars=53893 CER=2.631% WER=4.786% token_F1=96.404%
[REVIEW] 2023__putusan_63_pid.b_2023_pn_wat_20260611065230.pdf chars=55444 CER=2.234% WER=3.175% token_F1=97.578%
[REVIEW] 2023__putusan_59_pid.b_2023_pn_tub_20260611054752.pdf chars=134222 CER=2.388% WER=4.915% token_F1=96.301%
[PASSED] 2023__putusan_623_pid.b_2023_pn_jkt.utr_20260611073834.pdf chars=66553 CER=2.198% WER=2.931% token_F1=97.763%
[REVIEW] 2023__putusan_64_pid.b_2023_pn_bhn_20260611052830.pdf chars=47325 CER=2.449% WER=4.604% token_F1=96.526%
[REVIEW] 2023__putusan_65_pid.b_2023_pn_mgt_20260611071811.pdf chars=56441 CER=2.283% WER=2.985% token_F1=97.719%
[PASSED] 2023__putusan_645_pid.b_2023_pn_bls_20260611064500.pdf chars=78911 CER=2.209% WER=3.116% token_F1=97.623%
[REVIEW] 2023__putusan_68_pid.b_2023_pn_tsm_20260611070913.pdf chars=58152 CER=2.869% WER=10.579% token_F1=92.269%
[REVIEW] 2023__putusan_674_pid.b_2023_pn_srg_20260611070237.pdf chars=92656 CER=2.100% WER=2.901% token_F1=97.785%
[REVIEW] 2023__putusan_66_pid.b_2023_pn_wno_20260611060653.pdf chars=107441 CER=2.422% WER=5.386% token_F1=95.953%
[PASSED] 2023__putusan_68_pid.b_2023_pn_wat_20260611065312.pdf chars=69084 CER=2.107% WER=3.048% token_F1=97.676%
[PASSED] 2023__putusan_70_pid.b_2023_pn_kba_20260611055054.pdf chars=50195 CER=2.307% WER=3.311% token_F1=97.477%
[REVIEW] 2023__putusan_699_pid.b_2023_pn_jkt.utr_20260611073816.pdf chars=80334 CER=2.273% WER=3.392% token_F1=97.447%
[REVIEW] 2023__putusan_69_pid.b_2023_pn_pmk_20260611060557.pdf chars=67520 CER=2.365% WER=3.153% token_F1=97.595%
[PASSED] 2023__putusan_70_pid.b_2023_pn_srl_20260611052612.pdf chars=50115 CER=2.301% WER=3.148% token_F1=97.596%
[PASSED] 2023__putusan_722_pid.b_2022_pn_jmr_20260611064618.pdf chars=58406 CER=2.365% WER=3.519% token_F1=97.322%
[REVIEW] 2023__putusan_722_pid.b_2023_pn_jkt.brt_20260611071051.pdf chars=77954 CER=2.173% WER=2.906% token_F1=97.780%
[PASSED] 2023__putusan_70_pid.b_2023_pn_sgl_20260611062944.pdf chars=102448 CER=2.606% WER=7.382% token_F1=94.533%
[PASSED] 2023__putusan_723_pid.b_2023_pn_dps_20260611062807.pdf chars=84119 CER=2.464% WER=3.342% token_F1=97.454%
[REVIEW] 2023__putusan_723_pid.b_2023_pn_jkt.brt_20260611071200.pdf chars=74606 CER=2.168% WER=2.876% token_F1=97.803%
[REVIEW] 2023__putusan_72_pid.b_2023_pn_cjr_20260611061117.pdf chars=53294 CER=2.508% WER=4.846% token_F1=96.363%
[REVIEW] 2023__putusan_724_pid.b_2023_pn_dps_20260611062821.pdf chars=85977 CER=2.337% WER=3.142% token_F1=97.602%
[PASSED] 2023__putusan_735_pid.b_2023_pn_plg_20260611074917.pdf chars=66257 CER=2.314% WER=3.669% token_F1=97.215%
[REVIEW] 2023__putusan_736_pid.b_2023_pn_plg_20260611075103.pdf chars=71604 CER=2.342% WER=3.649% token_F1=97.229%
[REVIEW] 2023__putusan_73_pid.b_2023_pn_pga_20260611060238.pdf chars=52077 CER=2.382% WER=3.357% token_F1=97.442%
[REVIEW] 2023__putusan_77_pid.b_2023_pn_kdr_20260611064006.pdf chars=55048 CER=2.562% WER=4.982% token_F1=96.261%
[REVIEW] 2023__putusan_74_pid.b_2023_pn_njk_20260611053906.pdf chars=73486 CER=2.332% WER=3.381% token_F1=97.426%
[REVIEW] 2023__putusan_75_pid.b_2023_pn_kdr_20260611064025.pdf chars=82015 CER=2.303% WER=3.806% token_F1=97.116%
[PASSED] 2023__putusan_783_pid.b_2022_pn_jmr_20260611064628.pdf chars=56576 CER=2.329% WER=4.907% token_F1=96.332%
[PASSED] 2023__putusan_78_pid.b_2023_pn_kdr_20260611064017.pdf chars=57942 CER=2.528% WER=6.548% token_F1=95.110%
[REVIEW] 2023__putusan_798_pid.sus_2023_pn_jkt.utr_20260611073748.pdf chars=81034 CER=2.228% WER=3.161% token_F1=97.591%
[PASSED] 2023__putusan_79_pid.b_2023_pn_tbk_20260611061721.pdf chars=85221 CER=2.198% WER=2.969% token_F1=97.733%
[REVIEW] 2023__putusan_80_pid.b_2023_pn_tbk_20260611061731.pdf chars=84957 CER=2.204% WER=2.929% token_F1=97.763%
[PASSED] 2023__putusan_874_pid.b_2022_pn_sda_20260611074125.pdf chars=46352 CER=2.591% WER=3.750% token_F1=97.180%
[PASSED] 2023__putusan_841_pid.b_2023_pn_bls_20260610235138.pdf chars=76258 CER=2.266% WER=3.073% token_F1=97.653%
[PASSED] 2023__putusan_882_pid.b_2022_pn_sda_20260611074113.pdf chars=54982 CER=2.360% WER=3.318% token_F1=97.471%
[REVIEW] 2023__putusan_87_pid.b_2022_pn_tas_20260611052037.pdf chars=96019 CER=2.096% WER=2.896% token_F1=97.789%
[PASSED] 2023__putusan_87_pid.b_2023_pn_smp_20260611074810.pdf chars=126850 CER=2.452% WER=5.400% token_F1=95.980%
[PASSED] 2023__putusan_88_pid.b_2023_pn_plj_20260611052001.pdf chars=110142 CER=2.148% WER=2.883% token_F1=97.797%
[REVIEW] 2023__putusan_893_pid.b_2022_pn_sda_20260611074225.pdf chars=50277 CER=3.223% WER=4.589% token_F1=96.514%
[REVIEW] 2023__putusan_88_pid.b_2023_pn_skb_20260611065543.pdf chars=120683 CER=2.228% WER=5.295% token_F1=96.027%
[REVIEW] 2023__putusan_893_pid.b_2023_pn_jkt.utr_20260611073718.pdf chars=55396 CER=2.342% WER=3.082% token_F1=97.648%
[REVIEW] 2023__putusan_916_pid.b_2022_pn_sda_20260611074212.pdf chars=38258 CER=2.553% WER=4.184% token_F1=96.830%
[PASSED] 2023__putusan_90_pid.b_2023_pn_tsm_20260611070828.pdf chars=66929 CER=2.387% WER=4.321% token_F1=96.736%
[PASSED] 2023__putusan_917_pid.b_2022_pn_sda_20260611074147.pdf chars=40620 CER=2.380% WER=3.751% token_F1=97.153%
[PASSED] 2023__putusan_927_pid.b_2022_pn_srg_20260611070346.pdf chars=43987 CER=2.294% WER=3.057% token_F1=97.665%
[REVIEW] 2023__putusan_89_pid.b_2023_pn_skb_20260611065553.pdf chars=124977 CER=2.248% WER=5.727% token_F1=95.712%
[REVIEW] 2023__putusan_91_pid.b_2023_pn_tpg_20260611063439.pdf chars=104689 CER=2.199% WER=2.918% token_F1=97.772%
[REVIEW] 2023__putusan_931_pid.b_2022_pn_srg_20260611070321.pdf chars=50758 CER=2.285% WER=3.376% token_F1=97.428%
[REVIEW] 2023__putusan_92_pid.b_2023_pn_tpg_20260611063356.pdf chars=109522 CER=2.163% WER=2.883% token_F1=97.798%
[REVIEW] 2023__putusan_932_pid.b_2022_pn_srg_20260611070410.pdf chars=63805 CER=2.260% WER=3.180% token_F1=97.574%
[PASSED] 2023__putusan_93_pid.b_2023_pn_pbr_20260611063531.pdf chars=36828 CER=2.832% WER=9.549% token_F1=92.962%
[PASSED] 2023__putusan_268_pdt.g_2022_pn_mlg_20260611043949.pdf chars=738697 CER=2.201% WER=2.897% token_F1=97.787%
[PASSED] 2023__putusan_946_pid.b_2023_pn_mdn_20260610162818.pdf chars=83601 CER=2.154% WER=2.940% token_F1=97.755%
[PASSED] 2023__putusan_94_pid.b_2023_pn_bkl_20260611063620.pdf chars=73318 CER=2.324% WER=4.118% token_F1=96.884%
[REVIEW] 2023__putusan_95_pid.b_2022_pn_lbs_20260611053426.pdf chars=73153 CER=2.513% WER=4.799% token_F1=96.402%
[PASSED] 2023__putusan_97_pid.b_2023_pn_sit_20260611054012.pdf chars=42378 CER=2.292% WER=3.968% token_F1=96.994%
[PASSED] 2023__putusan_98_pid.b_2023_pn_tbn_20260611054105.pdf chars=37221 CER=2.158% WER=3.002% token_F1=97.710%
[REVIEW] 2023__putusan_991_pid.b_2023_pn_jkt.utr_20260611073826.pdf chars=56823 CER=2.304% WER=3.041% token_F1=97.679%
[REVIEW] 2023__putusan_93_pid.b_2023_pn_bkl_20260611063647.pdf chars=172874 CER=2.210% WER=3.363% token_F1=97.442%
[REVIEW] 2023__putusan_97_pid.b_2023_pn_tjk_20260611071500.pdf chars=105799 CER=2.191% WER=3.895% token_F1=97.056%
[REVIEW] 2023__putusan_98_pid.b_2023_pn_tjk_20260611071605.pdf chars=105320 CER=2.174% WER=3.697% token_F1=97.201%
[REVIEW] 2024__putusan_100_pid.b_2024_pn_ngw_20260613161035.pdf chars=59507 CER=2.409% WER=3.332% token_F1=97.459%
[REVIEW] 2024__putusan_101_pid.b_2024_pn_jbg_20260613160204.pdf chars=55137 CER=2.295% WER=3.907% token_F1=97.040%
[PASSED] 2023__putusan_9_pid.b_2023_pn_trk_20260611053842.pdf chars=76564 CER=2.221% WER=2.980% token_F1=97.724%
[REVIEW] 2024__putusan_106_pid.b_2024_pn_bta_20260613160633.pdf chars=58875 CER=2.358% WER=3.323% token_F1=97.467%
[PASSED] 2024__putusan_108_pid.b_2024_pn_pml_20260613171229.pdf chars=42333 CER=2.227% WER=3.276% token_F1=97.506%
[REVIEW] 2024__putusan_107_pid.b_2024_pn_bta_20260613160616.pdf chars=55913 CER=2.471% WER=3.433% token_F1=97.386%
[REVIEW] 2024__putusan_1092_pid.b_2023_pn_blb_20260613165334.pdf chars=41655 CER=2.431% WER=3.236% token_F1=97.529%
[PASSED] 2024__putusan_108_pid.b_2024_pn_sbg_20260613172942.pdf chars=64207 CER=2.400% WER=3.490% token_F1=97.343%
[PASSED] 2024__putusan_109_pid.b_2024_pn_tdn_20260613180651.pdf chars=55927 CER=2.338% WER=3.147% token_F1=97.598%
[PASSED] 2024__putusan_1108_pid.b_2024_pn_jkt.utr_20260611120431.pdf chars=66813 CER=2.417% WER=3.173% token_F1=97.582%
[PASSED] 2024__putusan_111_pid.c_2024_pn_bjn_20260613151504.pdf chars=8118 CER=2.886% WER=4.789% token_F1=96.379%
[PASSED] 2024__putusan_10_pid.b_2024_pn_jpa_20260613181921.pdf chars=108661 CER=2.290% WER=4.358% token_F1=96.710%
[REVIEW] 2024__putusan_115_pid.b_2024_pn_liw_20260613165549.pdf chars=63933 CER=2.275% WER=3.153% token_F1=97.595%
[PASSED] 2024__putusan_1160_pid.b_2023_pn_jkt.utr_20260611120648.pdf chars=35861 CER=2.283% WER=3.822% token_F1=97.102%
[REVIEW] 2024__putusan_111_pid.b_2024_pn_bgl_20260613162515.pdf chars=115985 CER=2.341% WER=3.346% token_F1=97.450%
[REVIEW] 2024__putusan_10_pid.b_2024_pn_bli_20260613174911.pdf chars=129340 CER=2.301% WER=3.149% token_F1=97.599%
[PASSED] 2024__putusan_119_pid.b_2024_pn_wat_20260613154916.pdf chars=79631 CER=2.178% WER=2.983% token_F1=97.722%
[REVIEW] 2024__putusan_124_pid.sus_2024_pn_dps_20260611001626.pdf chars=94601 CER=2.265% WER=3.898% token_F1=97.047%
[PASSED] 2024__putusan_127_pid.b_2024_pn_tbn_20260613161526.pdf chars=53726 CER=2.275% WER=3.102% token_F1=97.632%
[REVIEW] 2024__putusan_117_pid.b_2024_pn_tbk_20260613181230.pdf chars=120195 CER=2.224% WER=3.937% token_F1=97.019%
[PASSED] 2024__putusan_1202_pid.b_2024_pn_sby_20260613161033.pdf chars=109224 CER=2.287% WER=3.475% token_F1=97.357%
[REVIEW] 2024__putusan_1331_pid.b_2024_pn_sby_20260610104945.pdf chars=40429 CER=2.309% WER=3.237% token_F1=97.529%
[REVIEW] 2024__putusan_132_pid.b_2024_pn_bls_20260613160648.pdf chars=74775 CER=2.234% WER=3.022% token_F1=97.691%
[REVIEW] 2024__putusan_1370_pid.b_2023_pn_pbr_20260613160520.pdf chars=46154 CER=2.336% WER=3.157% token_F1=97.590%
[REVIEW] 2024__putusan_128_pid.b_2024_pn_bgl_20260613162610.pdf chars=94643 CER=2.209% WER=3.083% token_F1=97.648%
[REVIEW] 2024__putusan_12_pid.b_2024_pn_pdl_20260613170532.pdf chars=84144 CER=2.270% WER=3.204% token_F1=97.560%
[PASSED] 2024__putusan_142_pid.c_2024_pn_bjn_20260613151545.pdf chars=12250 CER=2.452% WER=3.432% token_F1=97.380%
[PASSED] 2024__putusan_148_pid.b_2023_pn_tbk_20260613181220.pdf chars=59001 CER=2.207% WER=3.023% token_F1=97.692%
[PASSED] 2024__putusan_149_pid.b_2024_pn_bdw_20260611001528.pdf chars=72354 CER=2.290% WER=3.326% token_F1=97.467%
[PASSED] 2024__putusan_141_pid.b_2023_pn_mgt_20260613182747.pdf chars=82424 CER=2.322% WER=3.363% token_F1=97.448%
[REVIEW] 2024__putusan_143_pid.sus_2024_pn_mgl_20260611132626.pdf chars=90952 CER=2.202% WER=2.963% token_F1=97.737%
[REVIEW] 2024__putusan_151_pid.b_2024_pn_idm_20260613154607.pdf chars=52980 CER=2.481% WER=7.582% token_F1=94.361%
[REVIEW] 2024__putusan_151_pid.b_2023_pn_mjl_20260613171229.pdf chars=85279 CER=2.299% WER=3.072% token_F1=97.655%
[PASSED] 2024__putusan_151_pid.b_2024_pn_kot_20260613180405.pdf chars=73393 CER=2.296% WER=3.038% token_F1=97.684%
[REVIEW] 2024__putusan_154_pid.b_2024_pn_idm_20260613154640.pdf chars=53457 CER=2.420% WER=6.912% token_F1=94.848%
[PASSED] 2024__putusan_155_pid.b_2023_pn_blg_20260613170046.pdf chars=57589 CER=2.443% WER=7.629% token_F1=94.330%
[PASSED] 2024__putusan_153_pid.b_2024_pn_snt_20260613185154.pdf chars=108660 CER=2.211% WER=2.984% token_F1=97.721%
[REVIEW] 2024__putusan_155_pid.b_2024_pn_kln_20260613172249.pdf chars=96163 CER=2.242% WER=3.116% token_F1=97.621%
[REVIEW] 2024__putusan_159_pid.b_2024_pn_bta_20260613160705.pdf chars=70402 CER=2.291% WER=3.109% token_F1=97.637%
[PASSED] 2024__putusan_159_pid.b_2023_pn_pnn_20260613173129.pdf chars=89565 CER=2.320% WER=5.119% token_F1=96.152%
[PASSED] 2024__putusan_164_pid.b_2024_pn_pti_20260613170755.pdf chars=55474 CER=2.536% WER=3.087% token_F1=97.642%
[REVIEW] 2024__putusan_163_pid.b_2024_pn_njk_20260613172559.pdf chars=68831 CER=2.316% WER=3.281% token_F1=97.496%
[PASSED] 2024__putusan_163_pid.b_2024_pn_pti_20260613170803.pdf chars=76737 CER=2.575% WER=3.628% token_F1=97.244%
[PASSED] 2024__putusan_17_pid.b_2024_pn_pbm_20260613161844.pdf chars=51026 CER=2.337% WER=3.510% token_F1=97.332%
[PASSED] 2024__putusan_182_pid.b_2024_pn_sdn_20260613165927.pdf chars=48414 CER=2.537% WER=3.498% token_F1=97.333%
[REVIEW] 2024__putusan_177_pid.b_2024_pn_kot_20260613180336.pdf chars=68162 CER=2.542% WER=3.264% token_F1=97.514%
[PASSED] 2024__putusan_159_pid.b_2024_pn_tbt_20260610232830.pdf chars=144458 CER=2.221% WER=4.141% token_F1=96.870%
[REVIEW] 2024__putusan_183_pid.b_2024_pn_tdn_20260613180619.pdf chars=72202 CER=2.326% WER=3.178% token_F1=97.576%
[REVIEW] 2024__putusan_187_pid.b_2024_pn_bls_20260610235217 (1).pdf chars=57211 CER=2.296% WER=3.353% token_F1=97.447%
[REVIEW] 2024__putusan_190_pid.b_2024_pn_jmr_20260610224702.pdf chars=49095 CER=2.355% WER=3.306% token_F1=97.481%
[REVIEW] 2024__putusan_191_pid.b_2024_pn_smg_20260613182000.pdf chars=53164 CER=2.440% WER=3.336% token_F1=97.455%
[REVIEW] 2024__putusan_187_pid.b_2024_pn_bjn_20260613160050.pdf chars=122227 CER=2.353% WER=3.057% token_F1=97.665%
[REVIEW] 2024__putusan_1974_pid.b_2024_pn_sby_20260613161050.pdf chars=45371 CER=2.370% WER=3.203% token_F1=97.554%
[REVIEW] 2024__putusan_201_pid.c_2024_pn_bjn_20260613151814.pdf chars=9612 CER=3.108% WER=4.674% token_F1=96.453%
[PASSED] 2024__putusan_196_pid.b_2024_pn_tbh_20260613173438.pdf chars=88831 CER=2.309% WER=3.281% token_F1=97.501%
[PASSED] 2024__putusan_207_pid.b_2024_pn_tsm_20260613161953.pdf chars=64144 CER=2.409% WER=4.494% token_F1=96.654%
[REVIEW] 2024__putusan_185_pid.b_2024_pn_gpr_20260610231127.pdf chars=174679 CER=2.209% WER=2.869% token_F1=97.808%
[REVIEW] 2024__putusan_209_pid.b_2024_pn_tjk_20260611124752.pdf chars=77636 CER=2.233% WER=3.246% token_F1=97.526%
[PASSED] 2024__putusan_214_pid.b_2024_pn_jmr_20260610224623.pdf chars=58776 CER=2.223% WER=3.148% token_F1=97.600%
[REVIEW] 2024__putusan_19_pid.b_2024_pn_sdn_20260613165852.pdf chars=113727 CER=2.496% WER=3.501% token_F1=97.340%
[PASSED] 2024__putusan_21_pid.b_2024_pn_pbm_20260613161851.pdf chars=50202 CER=2.293% WER=3.219% token_F1=97.546%
[REVIEW] 2024__putusan_218_pid.b_2024_pn_sbg_20260613173103.pdf chars=72264 CER=2.389% WER=3.321% token_F1=97.466%
[PASSED] 2024__putusan_22_pid.sus_2024_pn_tjt_20260613184846.pdf chars=63783 CER=2.152% WER=2.878% token_F1=97.801%
[REVIEW] 2024__putusan_229_pid.b_2024_pn_bkn_20260613162523.pdf chars=69393 CER=2.282% WER=3.003% token_F1=97.706%
[REVIEW] 2024__putusan_234_pid.b_2024_pn_cbi_20260613180638.pdf chars=73512 CER=2.246% WER=3.069% token_F1=97.651%
[PASSED] 2024__putusan_253_pid.b_2023_pn_smp_20260611134046.pdf chars=38472 CER=2.492% WER=4.742% token_F1=96.424%
[PASSED] 2024__putusan_246_pid.b_2023_pn_smp_20260611134146.pdf chars=90199 CER=3.147% WER=6.041% token_F1=95.474%
[PASSED] 2024__putusan_247_pid.b_2023_pn_smp_20260611134104.pdf chars=79205 CER=3.185% WER=6.145% token_F1=95.390%
[REVIEW] 2024__putusan_26_pid.b_2024_pn_jbg_20260610234344.pdf chars=48526 CER=2.370% WER=3.272% token_F1=97.503%
[PASSED] 2024__putusan_284_pid.b_2024_pn_mlg_20260611001257.pdf chars=41026 CER=2.273% WER=3.089% token_F1=97.641%
[REVIEW] 2024__putusan_262_pid.b_2024_pn_idm_20260613154700.pdf chars=97001 CER=2.444% WER=6.218% token_F1=95.357%
[REVIEW] 2024__putusan_299_pid.b_2024_pn_pkb_20260613185339.pdf chars=81319 CER=2.148% WER=2.939% token_F1=97.755%
[REVIEW] 2024__putusan_270_pid.b_2024_pn_idm_20260613154713.pdf chars=121931 CER=2.262% WER=3.118% token_F1=97.620%
[PASSED] 2024__putusan_29_pid.sus_2024_pn_pwr_20260611000310.pdf chars=58999 CER=2.312% WER=3.191% token_F1=97.564%
[PASSED] 2024__putusan_2_pid.b_2024_pn_btg_20260612065535.pdf chars=65585 CER=2.338% WER=3.198% token_F1=97.559%
[PASSED] 2024__putusan_301_pid.b_2023_pn_bnj_20260613172718.pdf chars=64589 CER=2.113% WER=2.871% token_F1=97.808%
[REVIEW] 2024__putusan_285_pid.b_2023_pn_rgt_20260613173157.pdf chars=152270 CER=2.164% WER=2.964% token_F1=97.736%
[REVIEW] 2024__putusan_29_pid.b_2024_pn_wno_20260611133053.pdf chars=122672 CER=2.168% WER=2.993% token_F1=97.715%
[PASSED] 2024__putusan_32_pid.b_2024_pn_smp_20260611134132.pdf chars=28626 CER=2.516% WER=4.736% token_F1=96.430%
[PASSED] 2024__putusan_329_pid.b_2024_pn_llg_20260611001139.pdf chars=71059 CER=2.217% WER=3.064% token_F1=97.660%
[REVIEW] 2024__putusan_32_pid.b_2024_pn_sdn_20260613165937.pdf chars=69946 CER=2.499% WER=3.435% token_F1=97.381%
[PASSED] 2024__putusan_335_pid.b_2024_pn_cjr_20260613170603.pdf chars=47574 CER=2.440% WER=4.189% token_F1=96.833%
[REVIEW] 2024__putusan_335_pid.b_2024_pn_prp_20260613165744.pdf chars=32503 CER=2.562% WER=4.208% token_F1=96.814%
[REVIEW] 2024__putusan_336_pid.b_2024_pn_prp_20260613165730.pdf chars=32720 CER=2.467% WER=3.357% token_F1=97.442%
[REVIEW] 2024__putusan_338_pid.b_2023_pn_rgt_20260613173208.pdf chars=64491 CER=2.301% WER=3.559% token_F1=97.296%
[REVIEW] 2024__putusan_348_pid.sus_2024_pn_mgl_20260611132226.pdf chars=137669 CER=2.199% WER=2.990% token_F1=97.717%
[REVIEW] 2024__putusan_349_pid.b_2024_pn_tjk_20260611124556.pdf chars=148555 CER=2.319% WER=5.001% token_F1=96.239%
[REVIEW] 2024__putusan_349_pid.sus_2024_pn_mgl_20260611132118.pdf chars=137842 CER=2.252% WER=3.017% token_F1=97.696%
[REVIEW] 2024__putusan_350_pid.sus_2024_pn_mgl_20260611132443.pdf chars=133905 CER=2.267% WER=3.060% token_F1=97.664%
[REVIEW] 2024__putusan_351_pid.sus_2024_pn_mgl_20260611132410.pdf chars=132402 CER=2.235% WER=3.005% token_F1=97.705%
[PASSED] 2024__putusan_352_pid.b_2024_pn_mre_20260608083202.pdf chars=130510 CER=2.501% WER=8.322% token_F1=93.831%
[REVIEW] 2024__putusan_354_pid.b_2024_pn_srg_20260613160851.pdf chars=63450 CER=2.254% WER=3.065% token_F1=97.659%
[PASSED] 2024__putusan_366_pid.b_2024_pn_bgl_20260613162536.pdf chars=33203 CER=2.409% WER=3.271% token_F1=97.504%
[PASSED] 2024__putusan_35_pid.b_2024_pn_tjp_20260613162712.pdf chars=71386 CER=2.228% WER=3.166% token_F1=97.586%
[PASSED] 2024__putusan_378_pid.b_2024_pn_bls_20260613160655.pdf chars=51525 CER=2.238% WER=3.177% token_F1=97.577%
[PASSED] 2024__putusan_36_pid.b_2024_pn_bhn_20260613175735.pdf chars=78004 CER=2.444% WER=4.313% token_F1=96.740%
[REVIEW] 2024__putusan_367_pid.sus_2024_pn_mgl_20260611132244.pdf chars=91197 CER=2.298% WER=3.071% token_F1=97.655%
[PASSED] 2024__putusan_37_pid.b_2024_pn_wno_20260611133033.pdf chars=62566 CER=2.654% WER=7.784% token_F1=94.214%
[PASSED] 2024__putusan_382_pid.b_2024_pn_cbi_20260613180654.pdf chars=62021 CER=2.276% WER=3.544% token_F1=97.307%
[REVIEW] 2024__putusan_379_pid.sus_2024_pn_mgl_20260611132042.pdf chars=81540 CER=2.309% WER=3.163% token_F1=97.585%
[PASSED] 2024__putusan_318_pid.b_2024_pn_tjk_20260611124520.pdf chars=317459 CER=2.101% WER=3.367% token_F1=97.431%
[PASSED] 2024__putusan_408_pid.b_2024_pn_bkn_20260613162547.pdf chars=58426 CER=2.144% WER=2.957% token_F1=97.744%
[PASSED] 2024__putusan_38_pid.b_2024_pn_wno_20260611133134.pdf chars=87517 CER=2.501% WER=6.575% token_F1=95.092%
[REVIEW] 2024__putusan_42_pid.b_2024_pn_trk_20260613182451.pdf chars=82112 CER=2.204% WER=2.945% token_F1=97.750%
[PASSED] 2024__putusan_426_pid.b_2024_pn_llg_20260613173957.pdf chars=103995 CER=2.186% WER=3.467% token_F1=97.368%
[PASSED] 2024__putusan_44_pid.b_2024_pn_wno_20260611132719.pdf chars=56836 CER=2.557% WER=6.962% token_F1=94.809%
[REVIEW] 2024__putusan_38_pid.b_2024_pn_ntn_20260613185532 (1).pdf chars=162803 CER=2.184% WER=3.061% token_F1=97.665%
[REVIEW] 2024__putusan_443_pid.b_2023_pn_plw_20260613162714.pdf chars=93064 CER=2.235% WER=3.031% token_F1=97.685%
[PASSED] 2024__putusan_451_pid.b_2024_pn_srh_20260613175336.pdf chars=76441 CER=2.288% WER=3.260% token_F1=97.516%
[PASSED] 2024__putusan_45_pid.b_2024_pn_wno_20260611133114.pdf chars=57419 CER=2.490% WER=6.268% token_F1=95.313%
[REVIEW] 2024__putusan_452_pid.b_2024_pn_srh_20260613175210.pdf chars=79984 CER=2.286% WER=3.288% token_F1=97.496%
[REVIEW] 2024__putusan_46_pid.b_2024_pn_pbm_20260613161932 (1).pdf chars=57422 CER=2.284% WER=3.382% token_F1=97.426%
[PASSED] 2024__putusan_479_pid.b_2024_pn_stb_20260613174035.pdf chars=55027 CER=2.109% WER=2.922% token_F1=97.769%
[PASSED] 2024__putusan_47_pid.b_2024_pn_pbm_20260613161919.pdf chars=55622 CER=2.221% WER=3.341% token_F1=97.458%
[PASSED] 2024__putusan_485_pid.b_2023_pn_bil_20260613164124.pdf chars=82061 CER=2.208% WER=3.392% token_F1=97.416%
[REVIEW] 2024__putusan_484_pid.b_2023_pn_bil_20260613164125.pdf chars=89999 CER=2.247% WER=3.491% token_F1=97.342%
[REVIEW] 2024__putusan_481_pid.sus_2023_pn_mgl_20260611132259.pdf chars=99666 CER=2.430% WER=3.671% token_F1=97.212%
[REVIEW] 2024__putusan_56_pid.sus_2024_pn_tgl_20260610235653.pdf chars=48748 CER=2.417% WER=3.417% token_F1=97.395%
[PASSED] 2024__putusan_557_pid.b_2023_pn_bta_20260613160534.pdf chars=66413 CER=2.480% WER=7.768% token_F1=94.228%
[REVIEW] 2024__putusan_602_pid.b_2024_pn_jkt.utr_20260611120153.pdf chars=72810 CER=2.763% WER=3.620% token_F1=97.239%
[REVIEW] 2024__putusan_608_pid.b_2024_pn_jkt.utr_20260611120516.pdf chars=55901 CER=2.194% WER=2.921% token_F1=97.769%
[REVIEW] 2024__putusan_492_pid.b_2024_pn_srg_20260613160910.pdf chars=113846 CER=2.219% WER=3.134% token_F1=97.609%
[PASSED] 2024__putusan_62_pid.b_2024_pn_stb_20260613174618.pdf chars=57028 CER=2.171% WER=3.014% token_F1=97.702%
[REVIEW] 2024__putusan_629_pid.b_2024_pn_tjk_20260611131841.pdf chars=91595 CER=2.307% WER=3.451% token_F1=97.382%
[REVIEW] 2024__putusan_637_pid.b_2024_pn_dps_20260611000103.pdf chars=52865 CER=2.312% WER=3.164% token_F1=97.584%
[PASSED] 2024__putusan_626_pid.b_2024_pn_jkt.sel_20260613180216.pdf chars=119012 CER=2.196% WER=3.134% token_F1=97.609%
[PASSED] 2024__putusan_630_pid.b_2024_pn_tjk_20260516093155.pdf chars=89930 CER=2.250% WER=3.168% token_F1=97.594%
[REVIEW] 2024__putusan_674_pid.b_2024_pn_bkn_20260613162601.pdf chars=62696 CER=2.303% WER=3.344% token_F1=97.452%
[REVIEW] 2024__putusan_657_pid.b_2024_pn_tjk_20260611124729.pdf chars=79022 CER=2.288% WER=3.178% token_F1=97.574%
[REVIEW] 2024__putusan_675_pid.b_2024_pn_jkt.sel_20260608124622.pdf chars=57101 CER=2.143% WER=2.817% token_F1=97.848%
[REVIEW] 2024__putusan_65_pid.b_2024_pn_liw_20260613165623.pdf chars=119399 CER=2.435% WER=3.328% token_F1=97.462%
[PASSED] 2024__putusan_67_pid.b_2024_pn_blg_20260613170112.pdf chars=72534 CER=2.325% WER=4.434% token_F1=96.654%
[REVIEW] 2024__putusan_714_pid.b_2024_pn_jkt.utr_20260611120058.pdf chars=47835 CER=2.290% WER=3.129% token_F1=97.611%
[PASSED] 2024__putusan_69_pid.b_2024_pn_byw_20260613185625.pdf chars=51294 CER=2.327% WER=4.212% token_F1=96.815%
[PASSED] 2024__putusan_67_pid.b_2024_pn_wat_20260613154808.pdf chars=80445 CER=2.300% WER=3.730% token_F1=97.172%
[REVIEW] 2024__putusan_72_pid.b_2023_pn_bhn_20260613175710 (1).pdf chars=41571 CER=2.406% WER=4.349% token_F1=96.732%
[REVIEW] 2024__putusan_724_pid.sus_2024_pn_blb_20260613165418.pdf chars=93076 CER=2.199% WER=3.043% token_F1=97.679%
[REVIEW] 2024__putusan_74_pid.sus_2024_pn_mgl_20260611132020.pdf chars=81527 CER=2.302% WER=3.145% token_F1=97.598%
[PASSED] 2024__putusan_75_pid.b_2024_pn_wat_20260613154840.pdf chars=52884 CER=2.323% WER=4.072% token_F1=96.919%
[REVIEW] 2024__putusan_76_pid.b_2024_pn_cbd_20260611133919.pdf chars=85171 CER=2.294% WER=3.061% token_F1=97.662%
[REVIEW] 2024__putusan_72_pid.b_2024_pn_idm_20260610235842.pdf chars=164703 CER=2.146% WER=3.014% token_F1=97.701%
[PASSED] 2024__putusan_7_pid.b_2024_pn_kbm_20260613172150.pdf chars=76283 CER=2.316% WER=3.572% token_F1=97.286%
[PASSED] 2024__putusan_79_pid.b_2024_pn_mjl_20260613170623.pdf chars=119144 CER=2.292% WER=3.030% token_F1=97.687%
[PASSED] 2024__putusan_82_pid.b_2024_pn_pml_20260613171329.pdf chars=61240 CER=2.337% WER=3.127% token_F1=97.612%
[PASSED] 2024__putusan_81_pid.b_2024_pn_gns_20260613181530.pdf chars=73626 CER=2.284% WER=3.117% token_F1=97.620%
[PASSED] 2024__putusan_805_pid.b_2023_pn_tjk_20260611124616.pdf chars=101661 CER=2.130% WER=3.174% token_F1=97.582%
[REVIEW] 2024__putusan_849_pid.b_2024_pn_pbr_20260613160316.pdf chars=60316 CER=2.254% WER=3.014% token_F1=97.697%
[PASSED] 2024__putusan_84_pid.b_2024_pn_tjp_20260613162800.pdf chars=63148 CER=2.297% WER=3.198% token_F1=97.562%
[PASSED] 2024__putusan_85_pid.b_2024_pn_tjp_20260613162730.pdf chars=60428 CER=2.257% WER=3.077% token_F1=97.652%
[PASSED] 2024__putusan_901_pid.b_2023_pn_btm_20260613175014.pdf chars=74810 CER=2.222% WER=3.152% token_F1=97.596%
[REVIEW] 2024__putusan_84_pid.b_2024_pn_cms_20260613181913.pdf chars=106550 CER=2.153% WER=4.102% token_F1=96.899%
[PASSED] 2024__putusan_90_pid.b_2024_pn_tbn_20260613161451.pdf chars=33861 CER=2.161% WER=3.192% token_F1=97.569%
[PASSED] 2024__putusan_901_pid.b_2024_pn_dps_20260610235621.pdf chars=88626 CER=2.175% WER=2.944% token_F1=97.752%
[REVIEW] 2024__putusan_91_pid.b_2024_pn_tbn_20260608144858.pdf chars=31729 CER=2.329% WER=3.540% token_F1=97.308%
[PASSED] 2024__putusan_92_pid.b_2024_pn_tbn_20260613161512.pdf chars=32563 CER=2.256% WER=3.376% token_F1=97.431%
[PASSED] 2024__putusan_902_pid.b_2024_pn_dps_20260613155024.pdf chars=142593 CER=2.271% WER=3.205% token_F1=97.556%
[PASSED] 2024__putusan_932_pid.b_2023_pn_jkt.brt_20260613170400.pdf chars=81952 CER=2.174% WER=3.226% token_F1=97.545%
[REVIEW] 2024__putusan_43_pid.b_2024_pn_wno_20260610234309.pdf chars=486273 CER=2.150% WER=3.638% token_F1=97.241%
[REVIEW] 2024__putusan_98_pid.b_2024_pn_ngw_20260613161103.pdf chars=40793 CER=2.491% WER=3.542% token_F1=97.303%
[PASSED] 2024__putusan_938_pid.b_2024_pn_tjk_20260611131856.pdf chars=62717 CER=2.365% WER=6.736% token_F1=94.988%
[REVIEW] 2024__putusan_98_pid.b_2024_pn_cbd_20260611133903.pdf chars=66564 CER=2.293% WER=3.099% token_F1=97.633%
[PASSED] 2024__putusan_nomor__pid.b_2024_pn.mjk_20260611002343.pdf chars=50136 CER=2.516% WER=4.348% token_F1=96.712%
[PASSED] 2024__putusan_99_pid.b_2023_pn_tas_20260613185819.pdf chars=83306 CER=2.173% WER=2.952% token_F1=97.746%
[REVIEW] 2024__Salinan putusan_204_pid.b_2024_pn_jkt.utr_20260613152453.pdf chars=79539 CER=2.160% WER=2.895% token_F1=97.788%
[REVIEW] 2024__Salinan putusan_205_pid.b_2024_pn_smp_20260613154105.pdf chars=61682 CER=2.623% WER=3.802% token_F1=96.987%
[PASSED] 2024__Salinan putusan_211_pid.b_2024_pn_cbd_20260613153952.pdf chars=58472 CER=2.366% WER=3.521% token_F1=97.319%
[PASSED] 2024__Salinan putusan_230_pid.b_2024_pn_sda_20260613153847.pdf chars=44784 CER=2.327% WER=3.045% token_F1=97.674%
[PASSED] 2024__Salinan putusan_367_pid.b_2024_pn_sda_20260613153743.pdf chars=46505 CER=2.336% WER=5.222% token_F1=96.076%
[PASSED] 2024__Salinan putusan_374_pid.b_2023_pn_cbd_20260613154005.pdf chars=68210 CER=2.436% WER=3.493% token_F1=97.337%
[PASSED] 2024__Salinan putusan_383_pid.b_2023_pn_cbd_20260613154048.pdf chars=69567 CER=2.281% WER=3.085% token_F1=97.642%
[PASSED] 2024__Salinan putusan_384_pid.b_2023_pn_cbd_20260613154022.pdf chars=65853 CER=2.437% WER=4.234% token_F1=96.809%
[REVIEW] 2024__putusan_91_pid.b_2024_pn_plw_20260613162734.pdf chars=234312 CER=2.255% WER=3.126% token_F1=97.614%
[REVIEW] 2024__Salinan putusan_533_pid.b_2024_pn_sda_20260613153642.pdf chars=42570 CER=2.394% WER=3.312% token_F1=97.472%
[REVIEW] 2024__Salinan putusan_65_pid.b_2024_pn_soe_20260613154118.pdf chars=16561 CER=2.597% WER=3.396% token_F1=97.408%
[PASSED] 2024__Salinan putusan_503_pid.b_2024_pn_sda_20260613153716.pdf chars=64008 CER=2.254% WER=3.231% token_F1=97.537%
[REVIEW] 2024__Salinan putusan_575_pid.b_2024_pn_jkt.utr_20260613152444.pdf chars=65205 CER=2.485% WER=3.393% token_F1=97.412%
[REVIEW] 2024__Salinan putusan_644_pid.b_2024_pn_jkt.utr_20260613152602.pdf chars=69365 CER=2.414% WER=3.025% token_F1=97.690%
[REVIEW] 2024__Salinan putusan_714_pid.b_2023_pn_sda_20260613153813.pdf chars=40045 CER=2.390% WER=3.896% token_F1=97.045%
[REVIEW] 2024__Salinan putusan_709_pid.b_2024_pn_jkt.utr_20260613152703.pdf chars=72695 CER=2.314% WER=3.909% token_F1=97.031%
[PASSED] 2024__Salinan putusan_740_pid.b_2024_pn_jkt.utr_20260613152346.pdf chars=54268 CER=2.282% WER=2.969% token_F1=97.733%
[PASSED] 2024__Salinan putusan_724_pid.b_2023_pn_sda_20260610231813.pdf chars=73478 CER=2.348% WER=3.220% token_F1=97.543%
[PASSED] 2024__Salinan putusan_753_pid.b_2024_pn_jkt.utr_20260613152417.pdf chars=63766 CER=2.253% WER=3.005% token_F1=97.705%
[REVIEW] 2024__Salinan putusan_756_pid.b_2024_pn_jkt.utr_20260613152410.pdf chars=53105 CER=2.283% WER=3.047% token_F1=97.673%
[REVIEW] 2024__Salinan putusan_799_pid.b_2023_pn_sda_20260613153731.pdf chars=46170 CER=2.324% WER=3.161% token_F1=97.587%
[PASSED] 2024__Salinan putusan_858_pid.b_2024_pn_jkt.utr_20260613152654.pdf chars=51743 CER=2.242% WER=3.043% token_F1=97.677%
[PASSED] 2024__Salinan putusan_888_pid.b_2024_pn_jkt.utr_20260613152327.pdf chars=57613 CER=2.239% WER=3.020% token_F1=97.694%
[REVIEW] 2025__putusan_105_pid.b_2025_pn_kbm_20260613141600.pdf chars=71111 CER=2.388% WER=4.201% token_F1=96.823%
[PASSED] 2025__putusan_10_pid.c_2025_pn_cms_20260613133940.pdf chars=6366 CER=2.725% WER=7.882% token_F1=94.139%
[PASSED] 2025__putusan_1091_pid.sus_2025_pn_jkt.utr_20260531221111.pdf chars=86592 CER=2.236% WER=3.002% token_F1=97.707%
[PASSED] 2025__putusan_112_pid.b_2025_pn_bdw_20260611180651.pdf chars=95860 CER=2.259% WER=3.139% token_F1=97.606%
[REVIEW] 2025__putusan_1089_pid.b_2025_pn_jkt.utr_20260531221259.pdf chars=130901 CER=2.247% WER=3.000% token_F1=97.710%
[PASSED] 2025__putusan_113_pid.b_2025_pn_idm_20260613135623.pdf chars=78502 CER=2.925% WER=9.643% token_F1=92.871%
[REVIEW] 2025__putusan_114_pid.b_2025_pn_bdw_20260611180443.pdf chars=63037 CER=2.332% WER=3.371% token_F1=97.434%
[REVIEW] 2025__putusan_117_pid.b_2025_pn_tjk_20260613153500.pdf chars=72921 CER=2.369% WER=3.129% token_F1=97.612%
[PASSED] 2025__putusan_119_pid.b_2025_pn_bdw_20260611180538.pdf chars=77923 CER=2.324% WER=3.430% token_F1=97.388%
[PASSED] 2025__putusan_119_pid.sus_2025_pn_lbb_20260611152954.pdf chars=93590 CER=2.332% WER=3.470% token_F1=97.361%
[PASSED] 2025__putusan_106_pid.b_2025_pn_mgt_20260611160553.pdf chars=207688 CER=2.265% WER=3.092% token_F1=97.641%
[PASSED] 2025__putusan_124_pid.b_2025_pn_jbg_20260611180050.pdf chars=47913 CER=2.313% WER=3.759% token_F1=97.149%
[REVIEW] 2025__putusan_120_pid.b_2025_pn_skt_20260611010937.pdf chars=129638 CER=2.560% WER=6.193% token_F1=95.367%
[PASSED] 2025__putusan_121_pid.b_2025_pn_skt_20260611010859.pdf chars=119514 CER=2.597% WER=6.079% token_F1=95.449%
[PASSED] 2025__putusan_129_pid.b_2025_pn_jmr_20260611000829.pdf chars=43507 CER=2.298% WER=3.110% token_F1=97.626%
[PASSED] 2025__putusan_12_pid.c_2025_pn_cms_20260613134955.pdf chars=7431 CER=3.492% WER=11.923% token_F1=91.232%
[PASSED] 2025__putusan_124_pid.b_2025_pn_pbl_20260609101738.pdf chars=101814 CER=2.189% WER=2.940% token_F1=97.754%
[REVIEW] 2025__putusan_129_pid.b_2025_pn_tbn_20260611002204.pdf chars=43755 CER=2.334% WER=3.159% token_F1=97.589%
[PASSED] 2025__putusan_135_pid.b_2025_pn_lmg_20260611005249.pdf chars=40661 CER=2.380% WER=3.761% token_F1=97.162%
[REVIEW] 2025__putusan_136_pid.b_2025_pn_lmg_20260611005347.pdf chars=40319 CER=2.368% WER=3.460% token_F1=97.365%
[PASSED] 2025__putusan_135_pid.b_2025_pn_gin_20260611181841.pdf chars=63085 CER=2.277% WER=3.120% token_F1=97.617%
[REVIEW] 2025__putusan_127_pid.b_2025_pn_mrb_20260613150026.pdf chars=112657 CER=2.317% WER=6.088% token_F1=95.447%
[PASSED] 2025__putusan_136_pid.b_2025_pn_njk_20260611181713.pdf chars=47183 CER=2.495% WER=4.476% token_F1=96.621%
[REVIEW] 2025__putusan_143_pid.b_2025_pn_mtk_20260611153230.pdf chars=61812 CER=8.766% WER=14.651% token_F1=90.294%
[PASSED] 2025__putusan_148_pid.b_2025_pn_idm_20260613135520.pdf chars=62481 CER=2.309% WER=3.303% token_F1=97.484%
[PASSED] 2025__putusan_148_pid.b_2025_pn_lmg_20260611005420.pdf chars=52762 CER=2.335% WER=3.218% token_F1=97.544%
[REVIEW] 2025__putusan_14_pid.c_2025_pn_cms_20260613134914.pdf chars=18144 CER=3.038% WER=6.077% token_F1=95.434%
[REVIEW] 2025__putusan_143_pid.b_2025_pn_jbg_20260611175955.pdf chars=84928 CER=2.192% WER=2.894% token_F1=97.789%
[PASSED] 2025__putusan_148_pid.b_2025_pn_sim_20260613142247.pdf chars=39169 CER=2.262% WER=3.444% token_F1=97.378%
[REVIEW] 2025__putusan_15_pid.c_2025_pn_cms_20260613134108.pdf chars=18280 CER=3.016% WER=6.026% token_F1=95.472%
[PASSED] 2025__putusan_157_pid.b_2025_pn_ngw_20260611010419.pdf chars=63717 CER=2.264% WER=3.045% token_F1=97.675%
[PASSED] 2025__putusan_14_pid.b_2025_pn_mrb_20260613151004.pdf chars=100916 CER=2.281% WER=3.080% token_F1=97.648%
[REVIEW] 2025__putusan_165_pid.b_2025_pn_cjr_20260613141403.pdf chars=104913 CER=2.439% WER=4.876% token_F1=96.330%
[PASSED] 2025__putusan_165_pid.sus_2025_pn_tlg_20260611160751.pdf chars=107672 CER=2.563% WER=7.018% token_F1=94.789%
[PASSED] 2025__putusan_16_pid.b_2025_pn_bsk_20260611160331.pdf chars=98143 CER=2.269% WER=3.078% token_F1=97.649%
[PASSED] 2025__putusan_178_pid.b_2025_pn_jmr_20260611000150.pdf chars=56206 CER=2.319% WER=3.376% token_F1=97.430%
[PASSED] 2025__putusan_179_pid.b_2025_pn_jmr_20260610235922.pdf chars=59151 CER=2.351% WER=3.335% token_F1=97.459%
[PASSED] 2025__putusan_177_pid.b_2025_pn_pnn_20260611160257.pdf chars=108320 CER=2.498% WER=8.534% token_F1=93.676%
[PASSED] 2025__putusan_18_pid.b_2025_pn_jbg_20260611180133.pdf chars=47546 CER=2.266% WER=3.039% token_F1=97.678%
[REVIEW] 2025__putusan_17_pid.b_2025_pn_ntn_20260611152119.pdf chars=99584 CER=2.220% WER=3.228% token_F1=97.544%
[REVIEW] 2025__putusan_190_pid.b_2025_pn_sda_20260604104530.pdf chars=50000 CER=2.323% WER=3.471% token_F1=97.359%
[REVIEW] 2025__putusan_196_pid.b_2025_pn_jmr_20260611000347.pdf chars=41102 CER=2.259% WER=3.023% token_F1=97.691%
[REVIEW] 2025__putusan_185_pid.b_2025_pn_bks_20260611122611.pdf chars=128388 CER=2.268% WER=3.096% token_F1=97.637%
[REVIEW] 2025__putusan_17_pid.b_2025_pn_tjk_20260613153203.pdf chars=141530 CER=2.293% WER=3.145% token_F1=97.601%
[PASSED] 2025__putusan_204_pid.b_2025_pn_tjk_20260613153940.pdf chars=56943 CER=2.381% WER=3.213% token_F1=97.551%
[PASSED] 2025__putusan_19_pid.sus_2025_pn_pdp_20260611153028.pdf chars=86234 CER=2.170% WER=2.842% token_F1=97.829%
[REVIEW] 2025__putusan_205_pid.b_2025_pn_tjk_20260613153534.pdf chars=62463 CER=2.435% WER=3.205% token_F1=97.557%
[PASSED] 2025__putusan_212_pid.b_2024_pn_mbn_20260611152818.pdf chars=51290 CER=2.421% WER=4.705% token_F1=96.468%
[REVIEW] 2025__putusan_213_pid.b_2025_pn_njk_20260611181640.pdf chars=52692 CER=2.346% WER=3.135% token_F1=97.607%
[PASSED] 2025__putusan_21_pid.b_2025_pn_ngw_20260611010700.pdf chars=57325 CER=2.247% WER=3.047% token_F1=97.674%
[REVIEW] 2025__putusan_225_pid.b_2025_pn_lmg_20260611005159.pdf chars=54923 CER=2.268% WER=3.383% token_F1=97.426%
[PASSED] 2025__putusan_228_pid.b_2025_pn_krs_20260611160635.pdf chars=61153 CER=2.220% WER=3.028% token_F1=97.687%
[PASSED] 2025__putusan_224_pid.sus_2025_pn_blb_20260613154529.pdf chars=95791 CER=2.172% WER=2.923% token_F1=97.767%
[REVIEW] 2025__putusan_22_pid.b_2025_pn_ngw_20260611010625.pdf chars=55806 CER=2.312% WER=3.169% token_F1=97.582%
[PASSED] 2025__putusan_230_pid.b_2025_pn_jkt.utr_20260531221358.pdf chars=70684 CER=2.227% WER=2.926% token_F1=97.765%
[REVIEW] 2025__putusan_23_pid.b_2025_pn_jpa_20260611124505.pdf chars=96148 CER=2.247% WER=3.027% token_F1=97.688%
[REVIEW] 2025__putusan_21_pid.b_2025_pn_pct_20260611160615.pdf chars=158632 CER=2.206% WER=3.180% token_F1=97.577%
[REVIEW] 2025__putusan_249_pid.b_2025_pn_bnj_20260613141221.pdf chars=67905 CER=2.196% WER=3.583% token_F1=97.281%
[REVIEW] 2025__putusan_260_pid.b_2025_pn_smn_20260611123531.pdf chars=43245 CER=2.503% WER=3.457% token_F1=97.365%
[PASSED] 2025__putusan_261_pid.b_2025_pn_lmg_20260611005118.pdf chars=50149 CER=2.335% WER=3.341% token_F1=97.454%
[REVIEW] 2025__putusan_261_pid.b_2025_pn_smn_20260611123821.pdf chars=51344 CER=2.361% WER=3.215% token_F1=97.547%
[PASSED] 2025__putusan_267_pid.b_2025_pn_lmg_20260611004931.pdf chars=48482 CER=2.318% WER=3.158% token_F1=97.592%
[REVIEW] 2025__putusan_254_pid.sus_2025_pn_mgl_20260613144927.pdf chars=104816 CER=2.184% WER=2.979% token_F1=97.726%
[REVIEW] 2025__putusan_268_pid.b_2025_pn_jbg_20260611175907.pdf chars=83357 CER=2.229% WER=3.007% token_F1=97.703%
[REVIEW] 2025__putusan_279_pid.b_2025_pn_sda_20260604104215.pdf chars=86387 CER=2.255% WER=3.115% token_F1=97.622%
[REVIEW] 2025__putusan_230_pid.b_2025_pn_gpr_20260611003804.pdf chars=232508 CER=2.193% WER=2.839% token_F1=97.831%
[PASSED] 2025__putusan_27_pid.b_2025_pn_cms_20260613135057.pdf chars=111306 CER=2.225% WER=3.295% token_F1=97.493%
[REVIEW] 2025__putusan_282_pid.b_2025_pn_blb_20260613154639.pdf chars=48980 CER=2.232% WER=3.074% token_F1=97.653%
[REVIEW] 2025__putusan_286_pid.b_2025_pn_mtr_20260611130143.pdf chars=51557 CER=2.401% WER=3.339% token_F1=97.455%
[REVIEW] 2025__putusan_28_pid.b_2025_pn_mna_20260611153109.pdf chars=45584 CER=2.197% WER=2.938% token_F1=97.755%
[PASSED] 2025__putusan_287_pid.b_2025_pn_cbi_20260611004655.pdf chars=68963 CER=2.338% WER=5.206% token_F1=96.088%
[REVIEW] 2025__putusan_304_pid.b_2025_pn_jmr_20260610235604.pdf chars=67816 CER=2.227% WER=3.074% token_F1=97.655%
[REVIEW] 2025__putusan_281_pid.b_2024_pn_sim_20260613142144.pdf chars=175420 CER=2.335% WER=4.316% token_F1=96.738%
[PASSED] 2025__putusan_303_pid.b_2025_pn_lht_20260611154653.pdf chars=94668 CER=2.140% WER=2.969% token_F1=97.735%
[REVIEW] 2025__putusan_304_pid.b_2025_pn_njk_20260611181513.pdf chars=66237 CER=2.302% WER=3.308% token_F1=97.480%
[PASSED] 2025__putusan_309_pid.b_2024_pn_jbg_20260611180200.pdf chars=54600 CER=2.374% WER=5.094% token_F1=96.169%
[PASSED] 2025__putusan_304_pid.sus_2025_pn_mgl_20260613144956.pdf chars=77597 CER=2.268% WER=3.055% token_F1=97.668%
[REVIEW] 2025__putusan_330_pid.b_2025_pn_jmr_20260610235347.pdf chars=39586 CER=2.352% WER=3.216% token_F1=97.546%
[PASSED] 2025__putusan_30_pid.b_2025_pn_bdw_20260611180353.pdf chars=79415 CER=2.264% WER=3.115% token_F1=97.622%
[REVIEW] 2025__putusan_332_pid.b_2025_pn_sda_20260611121558.pdf chars=75003 CER=2.429% WER=3.614% token_F1=97.251%
[REVIEW] 2025__putusan_361_pid.b_2025_pn_cbd_20260611152904.pdf chars=63881 CER=2.323% WER=3.906% token_F1=97.039%
[REVIEW] 2025__putusan_30_pid.b_2025_pn_skh_20260611160938.pdf chars=143692 CER=2.513% WER=4.772% token_F1=96.423%
[REVIEW] 2025__putusan_369_pid.b_2025_pn_mtr_20260611125919.pdf chars=83254 CER=2.293% WER=3.409% token_F1=97.414%
[PASSED] 2025__putusan_275_pid.b_2025_pn_sky_20260613145340.pdf chars=305375 CER=2.128% WER=3.049% token_F1=97.673%
[PASSED] 2025__putusan_36_pid.b_2025_pn_plj_20260611152203.pdf chars=97724 CER=2.206% WER=2.993% token_F1=97.715%
[REVIEW] 2025__putusan_379_pid.b_2024_pn_idm_20260613135320.pdf chars=67645 CER=2.403% WER=3.289% token_F1=97.495%
[PASSED] 2025__putusan_39_pid.b_2025_pn_mdl_20260611152402.pdf chars=55780 CER=2.373% WER=4.684% token_F1=96.510%
[REVIEW] 2025__putusan_377_pid.b_2025_pn_rgt_20260611154715.pdf chars=113789 CER=2.216% WER=3.015% token_F1=97.697%
[REVIEW] 2025__putusan_3_pid.c_2025_pn_cms_20260613134145.pdf chars=21707 CER=2.880% WER=6.623% token_F1=95.039%
[REVIEW] 2025__putusan_37_pid.sus_2025_pn_tjt_20260611152337.pdf chars=128463 CER=2.059% WER=2.823% token_F1=97.843%
[PASSED] 2025__putusan_380_pid.b_2025_pn_bks_20260611122114.pdf chars=107300 CER=2.256% WER=3.667% token_F1=97.225%
[PASSED] 2025__putusan_414_pid.b_2025_pn_sky_20260613145442.pdf chars=91604 CER=2.277% WER=2.946% token_F1=97.750%
[PASSED] 2025__putusan_435_pid.sus_2025_pn_blb_20260613154610.pdf chars=99677 CER=2.159% WER=2.972% token_F1=97.730%
[REVIEW] 2025__putusan_444_pid.b_2025_pn_cbi_20260611004556.pdf chars=81724 CER=2.294% WER=3.139% token_F1=97.603%
[REVIEW] 2025__putusan_4_pid.c_2025_pn_cms_20260613134536.pdf chars=19843 CER=2.748% WER=6.292% token_F1=95.284%
[REVIEW] 2025__putusan_47_pid.b_2025_pn_trk_20260611004327.pdf chars=56562 CER=2.318% WER=3.376% token_F1=97.430%
[REVIEW] 2025__putusan_46_pid.b_2025_pn_trk_20260611004241.pdf chars=96648 CER=2.274% WER=3.239% token_F1=97.532%
[REVIEW] 2025__putusan_455_pid.b_2025_pn_bks_20260611122329.pdf chars=140384 CER=2.318% WER=4.557% token_F1=96.574%
[PASSED] 2025__putusan_51_pid.b_2025_pn_trk_20260611004146.pdf chars=74664 CER=2.270% WER=3.500% token_F1=97.340%
[REVIEW] 2025__putusan_544_pid.b_2025_pn_blb_20260613154248.pdf chars=76066 CER=2.219% WER=3.299% token_F1=97.489%
[REVIEW] 2025__putusan_567_pid.b_2025_pn_pdg_20260611160416.pdf chars=88498 CER=2.202% WER=3.076% token_F1=97.653%
[PASSED] 2025__putusan_543_pid.b_2025_pn_sda_20260611121427.pdf chars=108210 CER=2.495% WER=3.543% token_F1=97.304%
[PASSED] 2025__putusan_50_pid.b_2025_pn_bli_20260611153739.pdf chars=167503 CER=2.061% WER=2.688% token_F1=97.945%
[PASSED] 2025__putusan_57_pid.b_2025_pn_png_20260613140822.pdf chars=72436 CER=2.306% WER=3.063% token_F1=97.661%
[PASSED] 2025__putusan_5_pid.c_2025_pn_cms_20260613134457.pdf chars=16221 CER=2.433% WER=4.260% token_F1=96.777%
[PASSED] 2025__putusan_58_pid.b_2025_pn_bdw_20260611180734.pdf chars=71195 CER=2.227% WER=3.093% token_F1=97.640%
[REVIEW] 2025__putusan_58_pid.b_2025_pn_png_20260613140249.pdf chars=78970 CER=2.294% WER=3.098% token_F1=97.634%
[REVIEW] 2025__putusan_62_pid.b_2025_pn_jmr_20260611001709.pdf chars=57794 CER=2.226% WER=2.964% token_F1=97.736%
[REVIEW] 2025__putusan_64_pid.b_2025_pn_btg_20260611161004.pdf chars=68748 CER=2.302% WER=3.204% token_F1=97.556%
[REVIEW] 2025__putusan_652_pid.b_2025_pn_tjk_20260613153354.pdf chars=78280 CER=2.233% WER=3.011% token_F1=97.701%
[PASSED] 2025__putusan_65_pid.b_2025_pn_tbn_20260611003200.pdf chars=49402 CER=2.359% WER=3.359% token_F1=97.455%
[REVIEW] 2025__putusan_590_pid.sus_2025_pn_blb_20260613154439.pdf chars=107450 CER=2.176% WER=3.145% token_F1=97.603%
[PASSED] 2025__putusan_66_pid.b_2025_pn_tbn_20260611003337.pdf chars=39362 CER=2.256% WER=2.976% token_F1=97.727%
[REVIEW] 2025__putusan_656_pid.sus_2025_pn_sda_20260604105231.pdf chars=78687 CER=2.324% WER=3.154% token_F1=97.592%
[PASSED] 2025__putusan_68_pid.b_2025_pn_bla_20260611182102.pdf chars=60760 CER=2.636% WER=8.725% token_F1=93.537%
[PASSED] 2025__putusan_684_pid.b_2025_pn_tjk_20260613153314.pdf chars=115382 CER=2.240% WER=3.056% token_F1=97.669%
[PASSED] 2025__putusan_68_pid.b_2025_pn_bnj_20260613141304.pdf chars=76551 CER=2.243% WER=5.360% token_F1=95.980%
[REVIEW] 2025__putusan_685_pid.b_2025_pn_tjk_20260613154027.pdf chars=131489 CER=2.253% WER=2.993% token_F1=97.716%
[REVIEW] 2025__putusan_68_pid.b_2025_pn_psb_20260611152611.pdf chars=72453 CER=2.718% WER=10.608% token_F1=92.192%
[PASSED] 2025__putusan_69_pid.b_2025_pn_bla_20260611182135.pdf chars=69703 CER=2.546% WER=8.438% token_F1=93.747%
[REVIEW] 2025__putusan_69_pid.b_2025_pn_sbr_20260611152727.pdf chars=55984 CER=2.322% WER=3.210% token_F1=97.551%
[PASSED] 2025__putusan_70_pid.b_2025_pn_kbm_20260613141701.pdf chars=34414 CER=2.534% WER=4.894% token_F1=96.312%
[PASSED] 2025__putusan_66_pid.b_2025_pn_wno_20260611160807.pdf chars=201365 CER=2.153% WER=2.873% token_F1=97.805%
[REVIEW] 2025__putusan_70_pid.b_2025_pn_tbn_20260611003236.pdf chars=56826 CER=2.147% WER=2.840% token_F1=97.830%
[REVIEW] 2025__putusan_69_pid.sus_2025_pn_jpa_20260611124403.pdf chars=114761 CER=2.395% WER=6.851% token_F1=94.891%
[PASSED] 2025__putusan_72_pid.b_2025_pn_tbn_20260611003439.pdf chars=49242 CER=2.372% WER=3.276% token_F1=97.517%
[REVIEW] 2025__putusan_7_pid.c_2025_pn_cms_20260613134700.pdf chars=18006 CER=3.040% WER=6.253% token_F1=95.306%
[REVIEW] 2025__putusan_81_pid.b_2025_pn_kba_20260611151928.pdf chars=43539 CER=2.317% WER=3.163% token_F1=97.586%
[PASSED] 2025__putusan_720_pid.b_2024_pn_cbi_20260611004818.pdf chars=105178 CER=2.267% WER=3.068% token_F1=97.656%
[REVIEW] 2025__putusan_69_pid.b_2025_pn_cbi_20260611004746.pdf chars=171628 CER=2.234% WER=3.005% token_F1=97.705%
[REVIEW] 2025__putusan_86_pid.b_2025_pn_mre_20260611153901.pdf chars=62356 CER=2.452% WER=4.864% token_F1=96.335%
[PASSED] 2025__putusan_875_pid.sus_2025_pn_tjk_20260613153424.pdf chars=102277 CER=2.174% WER=2.961% token_F1=97.739%
[PASSED] 2025__putusan_87_pid.b_2025_pn_png_20260609103522.pdf chars=109127 CER=2.244% WER=2.961% token_F1=97.739%
[REVIEW] 2025__putusan_75_pid.b_2025_pn_gsk_20260610234858.pdf chars=150233 CER=2.166% WER=2.948% token_F1=97.750%
[REVIEW] 2025__putusan_8_pid.b_2025_pn_mkm_20260611153301.pdf chars=108884 CER=2.257% WER=3.076% token_F1=97.654%
[PASSED] 2025__putusan_92_pid.b_2025_pn_mrt_20260611152426.pdf chars=60352 CER=2.312% WER=3.521% token_F1=97.336%
[PASSED] 2025__putusan_9_pid.c_2025_pn_cms_20260613133913.pdf chars=6329 CER=2.738% WER=8.158% token_F1=93.939%
[PASSED] 2025__putusan_95_pid.sus_2025_pn_lbs_20260611154741.pdf chars=80690 CER=2.335% WER=4.266% token_F1=96.776%
[PASSED] 2025__putusan_9_pid.b_2025_pn_tbn_20260611003629.pdf chars=88741 CER=2.185% WER=3.248% token_F1=97.529%
[PASSED] 2025__putusan_90_pid.b_2025_pn_kln_20260611160834.pdf chars=128549 CER=2.226% WER=3.040% token_F1=97.678%
[PASSED] 2026__putusan_101_pid.b_2026_pn_rgt_20260609104952.pdf chars=96885 CER=2.272% WER=3.234% token_F1=97.535%
[PASSED] 2026__putusan_103_pid.b_2026_pn_cbi_20260610185707.pdf chars=76574 CER=2.122% WER=3.028% token_F1=97.633%
[PASSED] 2026__putusan_112_pid.b_2026_pn_cbi_20260609102323.pdf chars=48643 CER=2.380% WER=3.252% token_F1=97.519%
[REVIEW] 2026__putusan_1077_pid.b_2025_pn_jkt.utr_20260610180235.pdf chars=66336 CER=2.331% WER=3.411% token_F1=97.402%
[REVIEW] 2026__putusan_103_pid.b_2026_pn_jkt.tim_20260512172226.pdf chars=94687 CER=2.426% WER=3.858% token_F1=97.073%
[PASSED] 2026__putusan_1207_pid.b_2025_pn_tjk_20260529150934.pdf chars=85828 CER=2.185% WER=2.940% token_F1=97.755%
[PASSED] 2026__putusan_120_pid.b_2026_pn_srg_20260610195538.pdf chars=99938 CER=2.299% WER=3.030% token_F1=97.685%
[REVIEW] 2026__putusan_126_pid.b_2026_pn_srg_20260609104301.pdf chars=57917 CER=2.246% WER=3.009% token_F1=97.703%
[REVIEW] 2026__putusan_123_pid.sus_2025_pn_bms_20260609111204.pdf chars=85366 CER=2.588% WER=8.992% token_F1=93.345%
[REVIEW] 2026__putusan_1235_pid.sus_2025_pn_jkt.utr_20260610181512.pdf chars=118562 CER=2.202% WER=3.014% token_F1=97.699%
[PASSED] 2026__putusan_134_pid.b_2026_pn_srg_20260609110333.pdf chars=57258 CER=2.250% WER=2.998% token_F1=97.710%
[PASSED] 2026__putusan_13_pid.b_2026_pn_plj_20260609110604.pdf chars=50230 CER=2.279% WER=3.177% token_F1=97.574%
[PASSED] 2026__putusan_1397_pid.b_2025_pn_plg_20260610182828.pdf chars=135050 CER=2.306% WER=4.386% token_F1=96.703%
[PASSED] 2026__putusan_141_pid.sus_2025_pn_trk_20260609105958.pdf chars=100762 CER=2.199% WER=2.917% token_F1=97.771%
[PASSED] 2026__putusan_146_pid.b_2026_pn_dps_20260610175803.pdf chars=77030 CER=2.323% WER=3.708% token_F1=97.185%
[PASSED] 2026__putusan_1398_pid.b_2025_pn_plg_20260610190027.pdf chars=140797 CER=2.310% WER=4.350% token_F1=96.728%
[PASSED] 2026__putusan_153_pid.b_2026_pn_blb_20260610175459.pdf chars=98554 CER=2.133% WER=2.868% token_F1=97.808%
[PASSED] 2026__putusan_14_pid.b_2026_pn_plw_20260609105410.pdf chars=83783 CER=2.154% WER=2.950% token_F1=97.747%
[PASSED] 2026__putusan_14_pid.b_2026_pn_bdw_20260610151257.pdf chars=103238 CER=2.141% WER=2.825% token_F1=97.842%
[PASSED] 2026__putusan_15_pid.b_2026_pn_mrt_20260609103748.pdf chars=121483 CER=2.291% WER=4.546% token_F1=96.571%
[PASSED] 2026__putusan_15_pid.b_2026_pn_tjt_20260609111242.pdf chars=83492 CER=2.233% WER=3.090% token_F1=97.643%
[REVIEW] 2026__putusan_15_pid.b_2026_pn_pwk_20260517123317.pdf chars=113766 CER=2.179% WER=2.997% token_F1=97.712%
[PASSED] 2026__putusan_15_pid.b_2026_pn_sng_20260610175100.pdf chars=108688 CER=2.168% WER=2.899% token_F1=97.786%
[PASSED] 2026__putusan_160_pid.b_2026_pn_srg_20260610185444.pdf chars=47240 CER=2.323% WER=3.136% token_F1=97.606%
[PASSED] 2026__putusan_162_pid.b_2026_pn_jkt.utr_20260610190221.pdf chars=56675 CER=2.275% WER=3.113% token_F1=97.623%
[PASSED] 2026__putusan_16_pid.b_2026_pn_kds_20260610200929.pdf chars=58513 CER=2.248% WER=2.945% token_F1=97.750%
[REVIEW] 2026__putusan_1700_pid.b_2025_pn_tng_20260610192734.pdf chars=66636 CER=2.417% WER=3.335% token_F1=97.458%
[PASSED] 2026__putusan_174_pid.b_2026_pn_tjk_20260610152127.pdf chars=60951 CER=2.228% WER=2.982% token_F1=97.722%
[REVIEW] 2026__putusan_16_pid.b_2026_pn_sdk_20260610185003.pdf chars=115900 CER=2.247% WER=3.012% token_F1=97.700%
[PASSED] 2026__putusan_179_pid.b_2026_pn_srg_20260610200110.pdf chars=57234 CER=2.298% WER=3.027% token_F1=97.690%
[PASSED] 2026__putusan_17_pid.b_2026_pn_btl_20260609110653.pdf chars=73994 CER=2.268% WER=3.036% token_F1=97.681%
[PASSED] 2026__putusan_162_pid.b_2026_pn_jmr_20260521141408.pdf chars=143984 CER=2.124% WER=2.847% token_F1=97.825%
[PASSED] 2026__putusan_182_pid.b_2026_pn_jkt.utr_20260609102739.pdf chars=67476 CER=2.195% WER=2.922% token_F1=97.768%
[REVIEW] 2026__putusan_19_pid.b_2026_pn_slw_20260610194830.pdf chars=83084 CER=2.343% WER=3.315% token_F1=97.473%
[REVIEW] 2026__putusan_19_pid.b_2026_pn_plj_20260609104609.pdf chars=86185 CER=2.258% WER=3.344% token_F1=97.453%
[PASSED] 2026__putusan_18_pid.b_2026_pn_sim_20260609103510.pdf chars=105722 CER=2.178% WER=3.016% token_F1=97.698%
[PASSED] 2026__putusan_2117_pid.b_2025_pn_tng_20260610194918.pdf chars=57132 CER=2.442% WER=3.708% token_F1=97.185%
[REVIEW] 2026__putusan_1_pid.b_2026_pn_kds_20260610151540.pdf chars=101755 CER=2.109% WER=2.840% token_F1=97.830%
[PASSED] 2026__putusan_2115_pid.b_2025_pn_tng_20260610195309.pdf chars=114132 CER=2.416% WER=4.449% token_F1=96.656%
[PASSED] 2026__putusan_223_pid.b_2026_pn_blb_20260610151336.pdf chars=115409 CER=2.109% WER=2.768% token_F1=97.885%
[PASSED] 2026__putusan_224_pid.b_2026_pn_blb_20260610180205.pdf chars=113892 CER=2.131% WER=2.779% token_F1=97.876%
[REVIEW] 2026__putusan_2265_pid.b_2025_pn_mdn_20260609103426.pdf chars=77340 CER=2.409% WER=4.133% token_F1=96.869%
[REVIEW] 2026__putusan_24_pid.sus_2026_pn_mgl_20260610192754.pdf chars=49181 CER=2.346% WER=3.299% token_F1=97.485%
[PASSED] 2026__putusan_23_pid.b_2026_pn_liw_20260610152422.pdf chars=93154 CER=2.164% WER=2.929% token_F1=97.762%
[PASSED] 2026__putusan_24_pid.b_2026_pn_mrj_20260610191821.pdf chars=109489 CER=2.256% WER=4.099% token_F1=96.901%
[PASSED] 2026__putusan_25_pid.b_2026_pn_njk_20260610151229.pdf chars=83287 CER=2.190% WER=2.945% token_F1=97.753%
[PASSED] 2026__putusan_21_pid.b_2026_pn_mdl_20260609094714.pdf chars=190548 CER=2.035% WER=2.746% token_F1=97.903%
[PASSED] 2026__putusan_2649_pid.b_2025_pn_sby_20260530135549.pdf chars=56612 CER=2.368% WER=3.311% token_F1=97.477%
[PASSED] 2026__putusan_25_pid.b_2026_pn_sgr_20260610185516.pdf chars=87918 CER=2.026% WER=2.765% token_F1=97.887%
[REVIEW] 2026__putusan_269_pid.b_2026_pn_rap_20260610190110.pdf chars=47229 CER=2.432% WER=3.308% token_F1=97.474%
[PASSED] 2026__putusan_25_pid.b_2026_pn_lbs_20260610173943.pdf chars=139089 CER=2.246% WER=3.093% token_F1=97.643%
[PASSED] 2026__putusan_266_pid.b_2025_pn_pkl_20260530133946.pdf chars=88893 CER=2.140% WER=3.094% token_F1=97.644%
[REVIEW] 2026__putusan_26_pid.b_2026_pn_clp_20260610151356.pdf chars=59455 CER=2.386% WER=3.376% token_F1=97.429%
[PASSED] 2026__putusan_26_pid.b_2026_pn_srg_20260609110412.pdf chars=71626 CER=2.223% WER=3.066% token_F1=97.661%
[REVIEW] 2026__putusan_26_pid.b_2026_pn_tgl_20260610192427.pdf chars=79318 CER=2.200% WER=3.059% token_F1=97.675%
[REVIEW] 2026__putusan_276_pid.b_2025_pn_spg_20260610181945.pdf chars=83167 CER=2.340% WER=3.320% token_F1=97.470%
[PASSED] 2026__putusan_27_pid.b_2026_pn_blb_20260610185925.pdf chars=91143 CER=2.539% WER=5.586% token_F1=95.805%
[REVIEW] 2026__putusan_289_pid.b_2025_pn_mkd_20260530134232.pdf chars=71089 CER=2.216% WER=2.969% token_F1=97.732%
[PASSED] 2026__putusan_27_pid.b_2026_pn_blt_20260609103351.pdf chars=93295 CER=2.071% WER=2.804% token_F1=97.857%
[PASSED] 2026__putusan_299_pid.b_2026_pn_blb_20260609102305.pdf chars=10013 CER=2.109% WER=2.904% token_F1=97.781%
[REVIEW] 2026__putusan_276_pid.b_2025_pn_pkl_20260530135943.pdf chars=159749 CER=2.103% WER=2.707% token_F1=97.930%
[REVIEW] 2026__putusan_28_pid.b_2026_pn_gsk_20260609104340.pdf chars=66825 CER=2.294% WER=3.301% token_F1=97.521%
[PASSED] 2026__putusan_28_pid.b_2026_pn_sbr_20260610190334.pdf chars=82422 CER=2.289% WER=3.283% token_F1=97.497%
[REVIEW] 2026__putusan_2_pid.b_2026_pn_tub_20260610181500.pdf chars=69724 CER=2.399% WER=3.923% token_F1=97.027%
[PASSED] 2026__putusan_30_pid.b_2026_pn_prp_20260609110011.pdf chars=46444 CER=2.316% WER=3.186% token_F1=97.568%
[REVIEW] 2026__putusan_311_pid.b_2026_pn_plg_20260610183355.pdf chars=69238 CER=2.278% WER=3.040% token_F1=97.678%
[PASSED] 2026__putusan_320_pid.sus_2025_pn_mkd_20260530143115.pdf chars=60150 CER=2.296% WER=3.126% token_F1=97.612%
[PASSED] 2026__putusan_322_pid.sus_2025_pn_mkd_20260610180312.pdf chars=64563 CER=2.229% WER=3.032% token_F1=97.685%
[REVIEW] 2026__putusan_31_pid.b_2026_pn_cms_20260610184101.pdf chars=81109 CER=2.291% WER=3.098% token_F1=97.634%
[PASSED] 2026__putusan_32_pid.b_2026_pn_blb_20260610181709.pdf chars=64192 CER=2.395% WER=3.283% token_F1=97.497%
[PASSED] 2026__putusan_336_pid.b_2026_pn_tjk_20260610194850.pdf chars=46154 CER=2.218% WER=3.204% token_F1=97.558%
[REVIEW] 2026__putusan_32_pid.b_2026_pn_srl_20260610183854.pdf chars=69006 CER=2.222% WER=3.075% token_F1=97.654%
[PASSED] 2026__putusan_335_pid.b_2026_pn_tjk_20260610194544.pdf chars=66986 CER=2.611% WER=3.482% token_F1=97.468%
[PASSED] 2026__putusan_348_pid.b_2025_pn_njk_20260609104414.pdf chars=45111 CER=2.266% WER=3.116% token_F1=97.623%
[PASSED] 2026__putusan_337_pid.b_2026_pn_dps_20260609110348.pdf chars=70847 CER=2.228% WER=2.999% token_F1=97.709%
[PASSED] 2026__putusan_336_pid.sus_2026_pn_plg_20260609110017.pdf chars=139372 CER=1.885% WER=2.518% token_F1=98.075%
[REVIEW] 2026__putusan_35_pid.b_2026_pn_kla_20260610175739.pdf chars=78114 CER=2.338% WER=3.487% token_F1=97.350%
[REVIEW] 2026__putusan_33_pid.b_2026_pn_sbr_20260610193507.pdf chars=195555 CER=2.091% WER=2.765% token_F1=97.887%
[REVIEW] 2026__putusan_34_pid.b_2026_pn_srl_20260610181052.pdf chars=166908 CER=2.482% WER=7.655% token_F1=94.311%
[REVIEW] 2026__putusan_34_pid.b_2026_pn_sbr_20260610195611.pdf chars=180253 CER=2.103% WER=2.802% token_F1=97.859%
[REVIEW] 2026__putusan_364_pid.b_2025_pn_gsk_20260530140747.pdf chars=76825 CER=2.290% WER=3.429% token_F1=97.401%
[PASSED] 2026__putusan_36_pid.b_2026_pn_skt_20260610192317.pdf chars=81413 CER=2.250% WER=3.197% token_F1=97.566%
[REVIEW] 2026__putusan_377_pid.b_2025_pn_gpr_20260530135305.pdf chars=90397 CER=2.410% WER=6.786% token_F1=94.939%
[PASSED] 2026__putusan_37_pid.b_2026_pn_mtk_20260610185356.pdf chars=63254 CER=2.373% WER=7.470% token_F1=94.447%
[REVIEW] 2026__putusan_37_pid.b_2026_pn_kng_20260610153018.pdf chars=75350 CER=2.192% WER=2.992% token_F1=97.714%
[PASSED] 2026__putusan_35_pid.b_2026_pn_srl_20260610181406.pdf chars=171250 CER=2.454% WER=7.427% token_F1=94.476%
[REVIEW] 2026__putusan_37_pid.b_2026_pn_smd_20260610190126.pdf chars=66384 CER=2.504% WER=6.233% token_F1=95.337%
[REVIEW] 2026__putusan_39_pid.b_2026_pn_njk_20260610190147.pdf chars=64015 CER=2.262% WER=3.205% token_F1=97.556%
[PASSED] 2026__putusan_42_pid.b_2026_pn_cbi_20260610195025.pdf chars=66068 CER=2.271% WER=3.049% token_F1=97.672%
[REVIEW] 2026__putusan_41_pid.b_2026_pn_mbn_20260530014317.pdf chars=87402 CER=2.243% WER=3.034% token_F1=97.683%
[PASSED] 2026__putusan_42_pid.b_2026_pn_kba_20260518155002.pdf chars=45992 CER=2.248% WER=3.289% token_F1=97.495%
[REVIEW] 2026__putusan_42_pid.b_2026_pn_prp_20260609105944.pdf chars=58561 CER=2.273% WER=3.088% token_F1=97.641%
[PASSED] 2026__putusan_44_pid.b_2026_pn_pmk_20260610173352.pdf chars=51751 CER=2.233% WER=3.144% token_F1=97.600%
[PASSED] 2026__putusan_45_pid.b_2026_pn_bjn_20260610174420.pdf chars=61790 CER=2.320% WER=3.060% token_F1=97.662%
[REVIEW] 2026__putusan_436_pid.b_2025_pn_plw_20260609105357.pdf chars=115388 CER=2.105% WER=2.855% token_F1=97.818%
[PASSED] 2026__putusan_46_pid.b_2026_pn_bnj_20260610193640.pdf chars=38228 CER=2.248% WER=3.046% token_F1=97.674%
[PASSED] 2026__putusan_390_pid.b_2026_pn_tng_20260610184821.pdf chars=200730 CER=2.274% WER=3.419% token_F1=97.399%
[REVIEW] 2026__putusan_47_pid.b_2026_pn_njk_20260610180104.pdf chars=61489 CER=2.201% WER=2.930% token_F1=97.762%
[REVIEW] 2026__putusan_46_pid.b_2026_pn_sgl_20260609101851.pdf chars=84838 CER=2.285% WER=3.109% token_F1=97.625%
[PASSED] 2026__putusan_48_pid.b_2026_pn_tbn_20260610151144.pdf chars=10228 CER=2.823% WER=3.774% token_F1=97.122%
[REVIEW] 2026__putusan_47_pid.b_2026_pn_sbg_20260610194748.pdf chars=57049 CER=2.277% WER=3.155% token_F1=97.592%
[PASSED] 2026__putusan_4_pid.b_2026_pn_btg_20260609111151.pdf chars=56355 CER=2.537% WER=8.506% token_F1=93.695%
[REVIEW] 2026__putusan_48_pid.b_2026_pn_rhl_20260610200207.pdf chars=65376 CER=2.624% WER=9.120% token_F1=93.254%
[PASSED] 2026__putusan_3_pid.b_2026_pn_tab_20260610183016.pdf chars=233910 CER=2.122% WER=2.770% token_F1=97.883%
[REVIEW] 2026__putusan_510_pid.b_2025_pn_sim_20260610181340.pdf chars=29780 CER=2.478% WER=3.316% token_F1=97.470%
[PASSED] 2026__putusan_500_pid.b_2025_pn_bta_20260610180337.pdf chars=71913 CER=2.182% WER=2.926% token_F1=97.764%
[PASSED] 2026__putusan_51_pid.sus_2026_pn_tdn_20260610195649.pdf chars=67560 CER=2.418% WER=7.324% token_F1=94.551%
[REVIEW] 2026__putusan_53_pid.b_2026_pn_skt_20260610190040.pdf chars=71144 CER=2.351% WER=3.210% token_F1=97.550%
[PASSED] 2026__putusan_54_pid.b_2026_pn_bdw_20260610151645.pdf chars=54601 CER=2.433% WER=3.327% token_F1=97.464%
[PASSED] 2026__putusan_55_pid.b_2026_pn_bdw_20260519105658.pdf chars=52638 CER=2.346% WER=3.377% token_F1=97.427%
[REVIEW] 2026__putusan_54_pid.b_2026_pn_tdn_20260610151711.pdf chars=65563 CER=2.308% WER=3.152% token_F1=97.595%
[PASSED] 2026__putusan_4_pid.b_2026_pn_tab_20260610184936.pdf chars=150290 CER=2.242% WER=3.333% token_F1=97.470%
[REVIEW] 2026__putusan_55_pid.b_2026_pn_tdn_20260610184606.pdf chars=65104 CER=2.336% WER=3.150% token_F1=97.597%
[PASSED] 2026__putusan_58_pid.b_2026_pn_blb_20260610194200.pdf chars=48034 CER=2.342% WER=6.727% token_F1=94.983%
[PASSED] 2026__putusan_56_pid.b_2026_pn_ktn_20260610172507.pdf chars=78208 CER=2.452% WER=8.128% token_F1=93.969%
[REVIEW] 2026__putusan_56_pid.b_2026_pn_btl_20260610184551.pdf chars=102153 CER=2.411% WER=5.229% token_F1=96.070%
[PASSED] 2026__putusan_4_pid.b_2026_pn_swl_20260610185846.pdf chars=211945 CER=2.127% WER=2.990% token_F1=97.721%
[PASSED] 2026__putusan_59_pid.sus_2026_pn_mkd_20260610192917.pdf chars=51244 CER=2.274% WER=3.170% token_F1=97.582%
[PASSED] 2026__putusan_63_pid.b_2026_pn_srg_20260610175752.pdf chars=51701 CER=2.310% WER=3.441% token_F1=97.384%
[REVIEW] 2026__putusan_60_pid.b_2026_pn_jmr_20260610192153.pdf chars=77155 CER=2.248% WER=3.110% token_F1=97.627%
[PASSED] 2026__putusan_648_pid.b_2025_pn_prp_20260610175904.pdf chars=60026 CER=2.260% WER=3.032% token_F1=97.686%
[PASSED] 2026__putusan_61_pid.b_2026_pn_gns_20260610185736.pdf chars=84080 CER=2.212% WER=3.028% token_F1=97.691%
[PASSED] 2026__putusan_649_pid.b_2025_pn_bls_20260609101453.pdf chars=69452 CER=2.164% WER=2.968% token_F1=97.733%
[PASSED] 2026__putusan_649_pid.b_2025_pn_prp_20260610152250.pdf chars=67156 CER=2.235% WER=2.987% token_F1=97.719%
[REVIEW] 2026__putusan_64_pid.b_2026_pn_srl_20260610194424.pdf chars=80805 CER=2.708% WER=10.090% token_F1=92.559%
[PASSED] 2026__putusan_657_pid.b_2025_pn_cbi_20260610151527.pdf chars=74452 CER=2.310% WER=3.242% token_F1=97.525%
[PASSED] 2026__putusan_6_pid.b_2026_pn_pbl_20260609101349.pdf chars=73925 CER=2.149% WER=3.038% token_F1=97.682%
[REVIEW] 2026__putusan_70_pid.b_2026_pn_smn_20260610195700.pdf chars=61545 CER=2.362% WER=3.285% token_F1=97.494%
[PASSED] 2026__putusan_72_pid.b_2026_pn_bgl_20260610190206.pdf chars=63032 CER=2.289% WER=3.149% token_F1=97.598%
[PASSED] 2026__putusan_73_pid.b_2026_pn_clp_20260610195037.pdf chars=51145 CER=2.451% WER=4.291% token_F1=96.757%
[REVIEW] 2026__putusan_74_pid.b_2026_pn_jmr_20260609102541.pdf chars=45374 CER=2.429% WER=3.496% token_F1=97.338%
[REVIEW] 2026__putusan_777_pid.b_2025_pn_sda_20260609102009.pdf chars=55893 CER=2.313% WER=3.228% token_F1=97.536%
[PASSED] 2026__putusan_69_pid.b_2026_pn_mbn_20260530014134.pdf chars=142050 CER=2.170% WER=2.875% token_F1=97.803%
[PASSED] 2026__putusan_73_pid.b_2026_pn_blb_20260610182958.pdf chars=106128 CER=2.408% WER=4.237% token_F1=96.807%
[PASSED] 2026__putusan_75_pid.b_2026_pn_blb_20260610151517.pdf chars=84765 CER=2.313% WER=3.143% token_F1=97.600%
[PASSED] 2026__putusan_79_pid.b_2026_pn_jkt.tim_20260512173155.pdf chars=57314 CER=2.358% WER=3.769% token_F1=97.154%
[PASSED] 2026__putusan_80_pid.b_2026_pn_cbi_20260610181537.pdf chars=60887 CER=2.461% WER=6.369% token_F1=95.238%
[PASSED] 2026__putusan_7_pid.b_2026_pn_sdn_20260610183421.pdf chars=73214 CER=2.252% WER=3.081% token_F1=97.648%
[REVIEW] 2026__putusan_78_pid.b_2026_pn_mjk_20260610194338.pdf chars=100792 CER=2.317% WER=4.582% token_F1=96.546%
[PASSED] 2026__putusan_8_pid.b_2026_pn_pct_20260610174153.pdf chars=123664 CER=2.163% WER=3.006% token_F1=97.707%
Processed 690/690 PDFs: 362 passed, 328 review, 0 errors. Reports: D:\Banger\Sinergi\downloads\Asusila\raw-text\audit.jsonl, D:\Banger\Sinergi\downloads\Asusila\raw-text\metrics-summary.json
